<html>
<body>
<pre>
<h1>µVision Build Log</h1>
<h2>Tool Versions:</h2>
IDE-Version: µVision V5.14.0.0
Copyright (C) 2015 ARM Ltd and ARM Germany GmbH. All rights reserved.
License Information: Chehab Ala eddine, enis, LIC=----
 
Tool Versions:
Toolchain:       MDK-Lite  Version: 5.14.0.0
Toolchain Path:  C:\Keil_v5\ARM\ARMCC\Bin
C Compiler:      Armcc.exe V5.05 update 1 (build 106)
Assembler:       Armasm.exe V5.05 update 1 (build 106)
Linker/Locator:  ArmLink.exe V5.05 update 1 (build 106)
Library Manager: ArmAr.exe V5.05 update 1 (build 106)
Hex Converter:   FromElf.exe V5.05 update 1 (build 106)
CPU DLL:         
Dialog DLL:      
Target DLL:      Segger\JL2CM3.dll V2.99.13.0
Dialog DLL:      TARMCM1.DLL V1.9.0.0
 
<h2>Project:</h2>
C:\Keil_v5\ARM\Pack\NordicSemiconductor\nRF5_SDK_12.1\examples\ble_peripheral\gaz_detection_nrf\pca10028\s130\arm5_no_packs\ble_app_uart_pca10028_s130.uvprojx
Project File Date:  08/15/2017

<h2>Output:</h2>
Build target 'nrf51422_xxac'
compiling main.c...
..\..\..\pwm_config.h(16): warning:  #1295-D: Deprecated declaration buzzer_on - give arg types
  void buzzer_on();
..\..\..\pwm_config.h(17): warning:  #1295-D: Deprecated declaration buzzer_off - give arg types
  void buzzer_off();
..\..\..\main.c(104): warning:  #1295-D: Deprecated declaration fstorage_update - give arg types
  static void fstorage_update();
..\..\..\main.c(140): warning:  #546-D: transfer of control bypasses initialization of:
            variable "num" (declared at line 144)
            variable "aux" (declared at line 145)
        switch(operation)       {
        ^
..\..\..\main.c(330): warning:  #1293-D: assignment in condition
        for (i = 0; (cs = strtok (s, ct)); i++)
..\..\..\main.c(535): warning:  #177-D: variable "aux2" was declared but never referenced
        char * aux2=buff;
..\..\..\main.c(666): warning:  #177-D: variable "ret" was declared but never referenced
          fs_ret_t ret;
..\..\..\main.c: 7 warnings, 0 errors
linking...
Program Size: Code=27968 RO-data=808 RW-data=356 ZI-data=7012  
FromELF: creating hex file...
".\_build\nrf51422_xxac.axf" - 0 Error(s), 7 Warning(s).

<h2>Software Packages used:</h2>

Package Vendor: ARM
                http://www.keil.com/pack/ARM.CMSIS.4.5.0.pack
                ARM::CMSIS:CORE:4.3.0
                CMSIS (Cortex Microcontroller Software Interface Standard)
   * Component: CORE Version: 4.3.0

Package Vendor: NordicSemiconductor
                http://developer.nordicsemi.com/nRF5_SDK/pieces/nRF_DeviceFamilyPack/NordicSemiconductor.nRF_DeviceFamilyPack.8.9.0.pack
                NordicSemiconductor::Device:Startup:8.9.0
                Nordic Semiconductor nRF ARM devices Device Family Pack.
   * Component: Startup Version: 8.9.0

<h2>Collection of Component include folders:</h2>
  C:\Keil_v5\ARM\Pack\NordicSemiconductor\nRF5_SDK_12.1\examples\ble_peripheral\gaz_detection_nrf\pca10028\s130\arm5_no_packs\RTE
  C:\Keil_v5\ARM\PACK\ARM\CMSIS\4.5.0\CMSIS\Include
  C:\Keil_v5\ARM\PACK\NordicSemiconductor\nRF_DeviceFamilyPack\8.9.0\Device\Include

<h2>Collection of Component Files used:</h2>

   * Component: ARM::CMSIS:CORE:4.3.0

   * Component: NordicSemiconductor::Device:Startup:8.9.0
      Source file:   Device\Source\system_nrf51.c
      Include file:  Device\Include\system_nrf51.h
      Source file:   Device\Source\arm\arm_startup_nrf51.s
</pre>
</body>
</html>
