Component: ARM Compiler 5.05 update 1 (build 106) Tool: armlink [4d0efa]

==============================================================================

Section Cross References

    main.o(i.button_handler) refers to segger_rtt_printf.o(i.SEGGER_RTT_printf) for SEGGER_RTT_printf
    main.o(i.button_handler) refers to ble_config.o(.data) for lock
    main.o(i.buttons_leds_init) refers to app_gpiote.o(i.app_gpiote_init) for app_gpiote_init
    main.o(i.buttons_leds_init) refers to app_error.o(i.app_error_handler) for app_error_handler
    main.o(i.buttons_leds_init) refers to app_button.o(i.app_button_init) for app_button_init
    main.o(i.buttons_leds_init) refers to app_button.o(i.app_button_enable) for app_button_enable
    main.o(i.buttons_leds_init) refers to main.o(.bss) for .bss
    main.o(i.buttons_leds_init) refers to main.o(i.power_manage) for i.power_manage
    main.o(i.buttons_leds_init) refers to main.o(.data) for .data
    main.o(i.exe_cmd) refers to main.o(i.str_split) for str_split
    main.o(i.exe_cmd) refers to strcpy.o(.text) for strcpy
    main.o(i.exe_cmd) refers to segger_rtt_printf.o(i.SEGGER_RTT_printf) for SEGGER_RTT_printf
    main.o(i.exe_cmd) refers to strcmp.o(.text) for strcmp
    main.o(i.exe_cmd) refers to ble_config.o(i.sending_msg) for sending_msg
    main.o(i.exe_cmd) refers to main.o(.data) for .data
    main.o(i.exe_cmd) refers to main.o(.bss) for .bss
    main.o(i.exe_fond) refers to main.o(i.__ARM_common_switch8) for __ARM_common_switch8
    main.o(i.exe_fond) refers to atoi.o(.text) for atoi
    main.o(i.exe_fond) refers to segger_rtt_printf.o(i.SEGGER_RTT_printf) for SEGGER_RTT_printf
    main.o(i.exe_fond) refers to memseta.o(.text) for __aeabi_memclr
    main.o(i.exe_fond) refers to strcpy.o(.text) for strcpy
    main.o(i.exe_fond) refers to main.o(i.fstorage_update2) for fstorage_update2
    main.o(i.exe_fond) refers to printf8.o(i.__0sprintf$8) for __2sprintf
    main.o(i.exe_fond) refers to ble_config.o(i.sending_msg) for sending_msg
    main.o(i.exe_fond) refers to main.o(i.nrf_delay_ms) for nrf_delay_ms
    main.o(i.exe_fond) refers to strcmp.o(.text) for strcmp
    main.o(i.exe_fond) refers to main.o(i.fstorage_update) for fstorage_update
    main.o(i.exe_fond) refers to strlen.o(.text) for strlen
    main.o(i.exe_fond) refers to ble_config.o(i.on_off_advertising) for on_off_advertising
    main.o(i.exe_fond) refers to ble_config.o(i.gap_params_init) for gap_params_init
    main.o(i.exe_fond) refers to main.o(.data) for .data
    main.o(i.exe_fond) refers to main.o(.bss) for .bss
    main.o(i.exe_fond) refers to ble_config.o(.data) for lock
    main.o(i.fs_evt_handler) refers to segger_rtt_printf.o(i.SEGGER_RTT_printf) for SEGGER_RTT_printf
    main.o(i.fs_evt_handler) refers to bsp.o(i.bsp_indication_set) for bsp_indication_set
    main.o(i.fs_evt_handler) refers to main.o(.data) for .data
    main.o(i.fstorage_extract) refers to segger_rtt_printf.o(i.SEGGER_RTT_printf) for SEGGER_RTT_printf
    main.o(i.fstorage_extract) refers to memcpya.o(.text) for __aeabi_memcpy4
    main.o(i.fstorage_extract) refers to main.o(i.str_split) for str_split
    main.o(i.fstorage_extract) refers to strcpy.o(.text) for strcpy
    main.o(i.fstorage_extract) refers to main.o(fs_data) for fs_data
    main.o(i.fstorage_extract) refers to main.o(.data) for .data
    main.o(i.fstorage_extract) refers to main.o(.bss) for .bss
    main.o(i.fstorage_extract) refers to main.o(.conststring) for .conststring
    main.o(i.fstorage_read) refers to main.o(i.fstorage_readi) for fstorage_readi
    main.o(i.fstorage_readi) refers to segger_rtt_printf.o(i.SEGGER_RTT_printf) for SEGGER_RTT_printf
    main.o(i.fstorage_readi) refers to main.o(i.nrf_delay_ms) for nrf_delay_ms
    main.o(i.fstorage_readi) refers to main.o(fs_data) for fs_data
    main.o(i.fstorage_update) refers to printf8.o(i.__0sprintf$8) for __2sprintf
    main.o(i.fstorage_update) refers to strlen.o(.text) for strlen
    main.o(i.fstorage_update) refers to fstorage.o(i.fs_erase) for fs_erase
    main.o(i.fstorage_update) refers to segger_rtt_printf.o(i.SEGGER_RTT_printf) for SEGGER_RTT_printf
    main.o(i.fstorage_update) refers to main.o(i.power_manage) for power_manage
    main.o(i.fstorage_update) refers to fstorage.o(i.fs_store) for fs_store
    main.o(i.fstorage_update) refers to main.o(.bss) for .bss
    main.o(i.fstorage_update) refers to main.o(.data) for .data
    main.o(i.fstorage_update) refers to main.o(fs_data) for fs_data
    main.o(i.fstorage_update) refers to main.o(i.fs_evt_handler) for fs_evt_handler
    main.o(i.fstorage_update2) refers to segger_rtt_printf.o(i.SEGGER_RTT_printf) for SEGGER_RTT_printf
    main.o(i.fstorage_update2) refers to strlen.o(.text) for strlen
    main.o(i.fstorage_update2) refers to memseta.o(.text) for __aeabi_memclr
    main.o(i.fstorage_update2) refers to strcpy.o(.text) for strcpy
    main.o(i.fstorage_update2) refers to main.o(i.nrf_delay_ms) for nrf_delay_ms
[...]
    m_button_timer_id                        0x00021e8c   Data           4  bsp.o(.constdata)
    m_buttons_list                           0x00021e90   Data          16  bsp.o(.constdata)
    app_buttons                              0x00021ea0   Data          32  bsp.o(.constdata)
    .constdata                               0x00021ec0   Section        4  ble_conn_params.o(.constdata)
    m_conn_params_timer_id                   0x00021ec0   Data           4  ble_conn_params.o(.constdata)
    .constdata                               0x00021ec4   Section       16  ble_nus.o(.constdata)
    .constdata                               0x00021ed4   Section        1  nrf_drv_adc.o(.constdata)
    m_default_config                         0x00021ed4   Data           1  nrf_drv_adc.o(.constdata)
    .constdata                               0x00021ed8   Section        8  app_button.o(.constdata)
    m_detection_delay_timer_id               0x00021ed8   Data           4  app_button.o(.constdata)
    .constdata                               0x00021ee0   Section       32  app_uart_fifo.o(.constdata)
    .constdata                               0x00021f00   Section       12  app_pwm.o(.constdata)
    .constdata                               0x00021f0c   Section       16  segger_rtt_printf.o(.constdata)
    _aV2C                                    0x00021f0c   Data          16  segger_rtt_printf.o(.constdata)
    .constdata                               0x00021f1c   Section      129  ctype_o.o(.constdata)
    .constdata                               0x00021fa0   Section        4  ctype_o.o(.constdata)
    table                                    0x00021fa0   Data           4  ctype_o.o(.constdata)
    .conststring                             0x00021fa4   Section       73  main.o(.conststring)
    .conststring                             0x00021ff0   Section       87  softdevice_handler.o(.conststring)
    .data                                    0x20001fe8   Section       52  main.o(.data)
    fs_callback_flag                         0x20001feb   Data           1  main.o(.data)
    p_button                                 0x20002004   Data           8  main.o(.data)
    .data                                    0x2000201c   Section       10  ble_config.o(.data)
    .data                                    0x20002028   Section        8  adc_config.o(.data)
    .data                                    0x20002030   Section        1  pwm_config.o(.data)
    ready_flag                               0x20002030   Data           1  pwm_config.o(.data)
    .data                                    0x20002032   Section        8  uart_config.o(.data)
    .data                                    0x2000203c   Section       24  bsp.o(.data)
    m_stable_state                           0x2000203c   Data           1  bsp.o(.data)
    current_long_push_pin_no                 0x2000203d   Data           1  bsp.o(.data)
    m_app_ticks_per_100ms                    0x20002040   Data           4  bsp.o(.data)
    m_indication_type                        0x20002044   Data           4  bsp.o(.data)
    m_alert_mask                             0x20002048   Data           4  bsp.o(.data)
    m_registered_callback                    0x2000204c   Data           4  bsp.o(.data)
    release_event_at_push                    0x20002050   Data           4  bsp.o(.data)
    .data                                    0x20002054   Section       48  ble_advertising.o(.data)
    m_initialized                            0x20002054   Data           1  ble_advertising.o(.data)
    m_advertising_start_pending              0x20002055   Data           1  ble_advertising.o(.data)
    m_adv_evt                                0x20002056   Data           1  ble_advertising.o(.data)
    m_adv_mode_current                       0x20002057   Data           1  ble_advertising.o(.data)
    m_peer_addr_reply_expected               0x20002058   Data           1  ble_advertising.o(.data)
    m_whitelist_temporarily_disabled         0x20002059   Data           1  ble_advertising.o(.data)
    m_whitelist_reply_expected               0x2000205a   Data           1  ble_advertising.o(.data)
    m_current_slave_link_conn_handle         0x2000205c   Data           2  ble_advertising.o(.data)
    m_slave_conn_int                         0x2000205e   Data           4  ble_advertising.o(.data)
    m_evt_handler                            0x20002064   Data           4  ble_advertising.o(.data)
    m_error_handler                          0x20002068   Data           4  ble_advertising.o(.data)
    m_peer_address                           0x2000206c   Data           7  ble_advertising.o(.data)
    m_whitelist                              0x20002074   Data          16  ble_advertising.o(.data)
    .data                                    0x20002084   Section       20  ble_conn_params.o(.data)
    m_change_param                           0x20002084   Data           1  ble_conn_params.o(.data)
    m_update_count                           0x20002085   Data           1  ble_conn_params.o(.data)
    m_conn_handle                            0x20002086   Data           2  ble_conn_params.o(.data)
    m_preferred_conn_params                  0x20002088   Data           8  ble_conn_params.o(.data)
    m_current_conn_params                    0x20002090   Data           8  ble_conn_params.o(.data)
    .data                                    0x20002098   Section        8  nrf_drv_ppi.o(.data)
    m_drv_state                              0x20002098   Data           1  nrf_drv_ppi.o(.data)
    m_groups_allocated                       0x20002099   Data           1  nrf_drv_ppi.o(.data)
    m_channels_allocated                     0x2000209c   Data           4  nrf_drv_ppi.o(.data)
    .data                                    0x200020a0   Section       20  app_button.o(.data)
    m_button_count                           0x200020a0   Data           1  app_button.o(.data)
    mp_buttons                               0x200020a4   Data           4  app_button.o(.data)
    m_detection_delay                        0x200020a8   Data           4  app_button.o(.data)
    m_pin_state                              0x200020ac   Data           4  app_button.o(.data)
    m_pin_transition                         0x200020b0   Data           4  app_button.o(.data)
    .data                                    0x200020b4   Section       32  app_timer.o(.data)
    m_ticks_elapsed_q_read_ind               0x200020b4   Data           1  app_timer.o(.data)
    m_ticks_elapsed_q_write_ind              0x200020b5   Data           1  app_timer.o(.data)
    m_rtc1_running                           0x200020b6   Data           1  app_timer.o(.data)
    m_rtc1_reset                             0x200020b7   Data           1  app_timer.o(.data)
    mp_timer_id_head                         0x200020b8   Data           4  app_timer.o(.data)
    m_ticks_latest                           0x200020bc   Data           4  app_timer.o(.data)
    m_evt_schedule_func                      0x200020c0   Data           4  app_timer.o(.data)
    m_op_queue                               0x200020c4   Data           8  app_timer.o(.data)
    m_ticks_elapsed                          0x200020cc   Data           8  app_timer.o(.data)
    .data                                    0x200020d4   Section       16  app_uart_fifo.o(.data)
    tx_buffer                                0x200020d4   Data           1  app_uart_fifo.o(.data)
    rx_buffer                                0x200020d5   Data           1  app_uart_fifo.o(.data)
    m_rx_ovf                                 0x200020d6   Data           1  app_uart_fifo.o(.data)
    m_event_handler                          0x200020d8   Data           4  app_uart_fifo.o(.data)
    app_uart_inst                            0x200020dc   Data           8  app_uart_fifo.o(.data)
    .data                                    0x200020e4   Section       12  app_util_platform.o(.data)
    m_in_critical_region                     0x200020e4   Data           4  app_util_platform.o(.data)
    .data                                    0x200020f0   Section        2  fstorage.o(.data)
    m_flags                                  0x200020f0   Data           1  fstorage.o(.data)
    m_retry_count                            0x200020f1   Data           1  fstorage.o(.data)
    .data                                    0x200020f4   Section       16  app_gpiote.o(.data)
    m_user_array_size                        0x200020f4   Data           1  app_gpiote.o(.data)
    m_user_count                             0x200020f5   Data           1  app_gpiote.o(.data)
    mp_users                                 0x200020f8   Data           4  app_gpiote.o(.data)
    m_pins                                   0x200020fc   Data           4  app_gpiote.o(.data)
    m_last_pins_state                        0x20002100   Data           4  app_gpiote.o(.data)
    .data                                    0x20002104   Section        9  app_pwm.o(.data)
    m_pwm_busy                               0x20002104   Data           3  app_pwm.o(.data)
    .data                                    0x20002110   Section       20  softdevice_handler.o(.data)
    m_softdevice_enabled                     0x20002110   Data           1  softdevice_handler.o(.data)
    m_suspended                              0x20002111   Data           1  softdevice_handler.o(.data)
    m_ble_evt_buffer_size                    0x20002112   Data           2  softdevice_handler.o(.data)
    m_evt_schedule_func                      0x20002114   Data           4  softdevice_handler.o(.data)
    mp_ble_evt_buffer                        0x20002118   Data           4  softdevice_handler.o(.data)
    m_ble_evt_handler                        0x2000211c   Data           4  softdevice_handler.o(.data)
    m_sys_evt_handler                        0x20002120   Data           4  softdevice_handler.o(.data)
    .data                                    0x20002124   Section        4  system_nrf51.o(.data)
    __tagsym$$used                           0x20002124   Number         0  system_nrf51.o(.data)
    .data                                    0x20002128   Section        4  stderr.o(.data)
    .data                                    0x2000212c   Section        4  strtok.o(.data)
    state                                    0x2000212c   Data           4  strtok.o(.data)
    .data                                    0x20002130   Section        4  mvars.o(.data)
    .data                                    0x20002134   Section        4  mvars.o(.data)
    .data                                    0x20002138   Section        4  errno.o(.data)
    _errno                                   0x20002138   Data           4  errno.o(.data)
    fs_data                                  0x2000213c   Section       16  main.o(fs_data)
    __tagsym$$used                           0x2000213c   Number         0  main.o(fs_data)
    fs_config                                0x2000213c   Data          16  main.o(fs_data)
    .bss                                     0x2000214c   Section      294  main.o(.bss)
    app_gpiote_buf                           0x2000214c   Data          24  main.o(.bss)
    m_timer1_id_data                         0x20002164   Data          32  main.o(.bss)
    APP_TIMER_BUF                            0x20002184   Data         120  main.o(.bss)
    .bss                                     0x20002274   Section      100  ble_config.o(.bss)
    BLE_EVT_BUFFER                           0x20002274   Data          72  ble_config.o(.bss)
    .bss                                     0x200022d8   Section       36  pwm_config.o(.bss)
    .bss                                     0x200022fc   Section      868  uart_config.o(.bss)
    rx_buf                                   0x200022fc   Data         512  uart_config.o(.bss)
    tx_buf                                   0x200024fc   Data          16  uart_config.o(.bss)
    .bss                                     0x20002660   Section       32  bsp.o(.bss)
    m_leds_timer_id_data                     0x20002660   Data          32  bsp.o(.bss)
    .bss                                     0x20002680   Section       32  bsp.o(.bss)
    m_alert_timer_id_data                    0x20002680   Data          32  bsp.o(.bss)
    .bss                                     0x200026a0   Section       12  bsp.o(.bss)
    m_events_list                            0x200026a0   Data          12  bsp.o(.bss)
    .bss                                     0x200026ac   Section       32  bsp.o(.bss)
    m_button_timer_id_data                   0x200026ac   Data          32  bsp.o(.bss)
    .bss                                     0x200026cc   Section      359  ble_advertising.o(.bss)
    m_adv_modes_config                       0x200026cc   Data          32  ble_advertising.o(.bss)
    m_advdata                                0x200026ec   Data          56  ble_advertising.o(.bss)
    m_manuf_specific_data                    0x20002724   Data          12  ble_advertising.o(.bss)
    m_manuf_data_array                       0x20002730   Data          31  ble_advertising.o(.bss)
    m_service_data                           0x20002750   Data          12  ble_advertising.o(.bss)
    m_service_data_array                     0x2000275c   Data          31  ble_advertising.o(.bss)
    m_whitelist_addrs                        0x2000277b   Data          56  ble_advertising.o(.bss)
    m_whitelist_irks                         0x200027b3   Data         128  ble_advertising.o(.bss)
    .bss                                     0x20002834   Section       32  ble_advertising.o(.bss)
    m_p_whitelist_addrs                      0x20002834   Data          32  ble_advertising.o(.bss)
    .bss                                     0x20002854   Section       32  ble_advertising.o(.bss)
    m_p_whitelist_irks                       0x20002854   Data          32  ble_advertising.o(.bss)
    .bss                                     0x20002874   Section       32  ble_conn_params.o(.bss)
    m_conn_params_timer_id_data              0x20002874   Data          32  ble_conn_params.o(.bss)
    .bss                                     0x20002894   Section       28  ble_conn_params.o(.bss)
    m_conn_params_config                     0x20002894   Data          28  ble_conn_params.o(.bss)
    .bss                                     0x200028b0   Section       20  nrf_drv_clock.o(.bss)
    m_clock_cb                               0x200028b0   Data          20  nrf_drv_clock.o(.bss)
    .bss                                     0x200028c4   Section       72  nrf_drv_gpiote.o(.bss)
    m_cb                                     0x200028c4   Data          72  nrf_drv_gpiote.o(.bss)
    .bss                                     0x2000290c   Section       28  nrf_drv_uart.o(.bss)
    m_cb                                     0x2000290c   Data          28  nrf_drv_uart.o(.bss)
    .bss                                     0x20002928   Section       20  nrf_drv_adc.o(.bss)
    m_cb                                     0x20002928   Data          20  nrf_drv_adc.o(.bss)
    .bss                                     0x2000293c   Section       12  nrf_drv_timer.o(.bss)
    m_cb                                     0x2000293c   Data          12  nrf_drv_timer.o(.bss)
    .bss                                     0x20002948   Section       32  app_button.o(.bss)
    m_detection_delay_timer_id_data          0x20002948   Data          32  app_button.o(.bss)
    .bss                                     0x20002968   Section       32  app_error.o(.bss)
    m_error_data                             0x20002968   Data          32  app_error.o(.bss)
    .bss                                     0x20002988   Section       32  app_uart_fifo.o(.bss)
    m_rx_fifo                                0x20002988   Data          16  app_uart_fifo.o(.bss)
    m_tx_fifo                                0x20002998   Data          16  app_uart_fifo.o(.bss)
    .bss                                     0x200029a8   Section      104  fstorage.o(.bss)
    m_queue                                  0x200029a8   Data         104  fstorage.o(.bss)
    .bss                                     0x20002a10   Section       24  app_pwm.o(.bss)
    m_pwm_target_value                       0x20002a10   Data          12  app_pwm.o(.bss)
    m_instances                              0x20002a1c   Data          12  app_pwm.o(.bss)
    .bss                                     0x20002a28   Section      648  segger_rtt.o(.bss)
    _acUpBuffer                              0x20002a28   Data         512  segger_rtt.o(.bss)
    _acDownBuffer                            0x20002c28   Data          16  segger_rtt.o(.bss)
    HEAP                                     0x20002cb0   Section     2048  arm_startup_nrf51.o(HEAP)
    STACK                                    0x200034b0   Section     2048  arm_startup_nrf51.o(STACK)

    Global Symbols

    Symbol Name                              Value     Ov Type        Size  Object(Section)

    BuildAttributes$$THM_ISAv3M$S$PE$A:L22$X:L11$S22$IEEE1$IW$USESV6$~STKCKD$USESV7$~SHL$OSPACE$ROPI$EBA8$MICROLIB$REQ8$PRES8$EABIv2 0x00000000   Number         0  anon$$obj.o ABSOLUTE
    __ARM_use_no_argv                        0x00000000   Number         0  main.o ABSOLUTE
    _printf_a                                0x00000000   Number         0  stubs.o ABSOLUTE
    _printf_c                                0x00000000   Number         0  stubs.o ABSOLUTE
    _printf_charcount                        0x00000000   Number         0  stubs.o ABSOLUTE
    _printf_d                                0x00000000   Number         0  stubs.o ABSOLUTE
    _printf_e                                0x00000000   Number         0  stubs.o ABSOLUTE
    _printf_f                                0x00000000   Number         0  stubs.o ABSOLUTE
    _printf_flags                            0x00000000   Number         0  stubs.o ABSOLUTE
    _printf_fp_dec                           0x00000000   Number         0  stubs.o ABSOLUTE
    _printf_fp_hex                           0x00000000   Number         0  stubs.o ABSOLUTE
    _printf_g                                0x00000000   Number         0  stubs.o ABSOLUTE
    _printf_i                                0x00000000   Number         0  stubs.o ABSOLUTE
    _printf_int_dec                          0x00000000   Number         0  stubs.o ABSOLUTE
    _printf_l                                0x00000000   Number         0  stubs.o ABSOLUTE
    _printf_lc                               0x00000000   Number         0  stubs.o ABSOLUTE
    _printf_ll                               0x00000000   Number         0  stubs.o ABSOLUTE
    _printf_lld                              0x00000000   Number         0  stubs.o ABSOLUTE
    _printf_lli                              0x00000000   Number         0  stubs.o ABSOLUTE
    _printf_llo                              0x00000000   Number         0  stubs.o ABSOLUTE
    _printf_llu                              0x00000000   Number         0  stubs.o ABSOLUTE
    _printf_llx                              0x00000000   Number         0  stubs.o ABSOLUTE
    _printf_longlong_dec                     0x00000000   Number         0  stubs.o ABSOLUTE
    _printf_longlong_hex                     0x00000000   Number         0  stubs.o ABSOLUTE
    _printf_longlong_oct                     0x00000000   Number         0  stubs.o ABSOLUTE
    _printf_ls                               0x00000000   Number         0  stubs.o ABSOLUTE
    _printf_mbtowc                           0x00000000   Number         0  stubs.o ABSOLUTE
    _printf_n                                0x00000000   Number         0  stubs.o ABSOLUTE
    _printf_o                                0x00000000   Number         0  stubs.o ABSOLUTE
    _printf_p                                0x00000000   Number         0  stubs.o ABSOLUTE
    _printf_percent                          0x00000000   Number         0  stubs.o ABSOLUTE
    _printf_pre_padding                      0x00000000   Number         0  stubs.o ABSOLUTE
    _printf_return_value                     0x00000000   Number         0  stubs.o ABSOLUTE
    _printf_s                                0x00000000   Number         0  stubs.o ABSOLUTE
    _printf_sizespec                         0x00000000   Number         0  stubs.o ABSOLUTE
    _printf_str                              0x00000000   Number         0  stubs.o ABSOLUTE
    _printf_truncate_signed                  0x00000000   Number         0  stubs.o ABSOLUTE
    _printf_truncate_unsigned                0x00000000   Number         0  stubs.o ABSOLUTE
    _printf_u                                0x00000000   Number         0  stubs.o ABSOLUTE
    _printf_wc                               0x00000000   Number         0  stubs.o ABSOLUTE
    _printf_wctomb                           0x00000000   Number         0  stubs.o ABSOLUTE
    _printf_widthprec                        0x00000000   Number         0  stubs.o ABSOLUTE
    _printf_x                                0x00000000   Number         0  stubs.o ABSOLUTE
    __cpp_initialize__aeabi_                  - Undefined Weak Reference
    __cxa_finalize                            - Undefined Weak Reference
    _clock_init                               - Undefined Weak Reference
    _microlib_exit                            - Undefined Weak Reference
    __Vectors_Size                           0x000000c0   Number         0  arm_startup_nrf51.o ABSOLUTE
    __Vectors                                0x0001b000   Data           4  arm_startup_nrf51.o(RESET)
    __Vectors_End                            0x0001b0c0   Data           0  arm_startup_nrf51.o(RESET)
    __main                                   0x0001b0c1   Thumb Code     0  entry.o(.ARM.Collect$$$$00000000)
    _main_stk                                0x0001b0c1   Thumb Code     0  entry2.o(.ARM.Collect$$$$00000001)
    _main_scatterload                        0x0001b0c5   Thumb Code     0  entry5.o(.ARM.Collect$$$$00000004)
    __main_after_scatterload                 0x0001b0c9   Thumb Code     0  entry5.o(.ARM.Collect$$$$00000004)
    _main_clock                              0x0001b0c9   Thumb Code     0  entry7b.o(.ARM.Collect$$$$00000008)
    _main_cpp_init                           0x0001b0c9   Thumb Code     0  entry8b.o(.ARM.Collect$$$$0000000A)
    _main_init                               0x0001b0c9   Thumb Code     0  entry9a.o(.ARM.Collect$$$$0000000B)
    __rt_final_cpp                           0x0001b0d1   Thumb Code     0  entry10a.o(.ARM.Collect$$$$0000000D)
    __rt_final_exit                          0x0001b0d1   Thumb Code     0  entry11a.o(.ARM.Collect$$$$0000000F)
    Reset_Handler                            0x0001b0d5   Thumb Code    26  arm_startup_nrf51.o(.text)
    NMI_Handler                              0x0001b0ef   Thumb Code     2  arm_startup_nrf51.o(.text)
    HardFault_Handler                        0x0001b0f1   Thumb Code     2  arm_startup_nrf51.o(.text)
    SVC_Handler                              0x0001b0f3   Thumb Code     2  arm_startup_nrf51.o(.text)
    PendSV_Handler                           0x0001b0f5   Thumb Code     2  arm_startup_nrf51.o(.text)
    SysTick_Handler                          0x0001b0f7   Thumb Code     2  arm_startup_nrf51.o(.text)
    CCM_AAR_IRQHandler                       0x0001b0f9   Thumb Code     0  arm_startup_nrf51.o(.text)
    ECB_IRQHandler                           0x0001b0f9   Thumb Code     0  arm_startup_nrf51.o(.text)
    LPCOMP_IRQHandler                        0x0001b0f9   Thumb Code     0  arm_startup_nrf51.o(.text)
    QDEC_IRQHandler                          0x0001b0f9   Thumb Code     0  arm_startup_nrf51.o(.text)
    RADIO_IRQHandler                         0x0001b0f9   Thumb Code     0  arm_startup_nrf51.o(.text)
    RNG_IRQHandler                           0x0001b0f9   Thumb Code     0  arm_startup_nrf51.o(.text)
    RTC0_IRQHandler                          0x0001b0f9   Thumb Code     0  arm_startup_nrf51.o(.text)
    SPI0_TWI0_IRQHandler                     0x0001b0f9   Thumb Code     0  arm_startup_nrf51.o(.text)
    SPI1_TWI1_IRQHandler                     0x0001b0f9   Thumb Code     0  arm_startup_nrf51.o(.text)
    SWI1_IRQHandler                          0x0001b0f9   Thumb Code     0  arm_startup_nrf51.o(.text)
    SWI3_IRQHandler                          0x0001b0f9   Thumb Code     0  arm_startup_nrf51.o(.text)
    SWI4_IRQHandler                          0x0001b0f9   Thumb Code     0  arm_startup_nrf51.o(.text)
    SWI5_IRQHandler                          0x0001b0f9   Thumb Code     0  arm_startup_nrf51.o(.text)
    TEMP_IRQHandler                          0x0001b0f9   Thumb Code     0  arm_startup_nrf51.o(.text)
    TIMER1_IRQHandler                        0x0001b0f9   Thumb Code     0  arm_startup_nrf51.o(.text)
    TIMER2_IRQHandler                        0x0001b0f9   Thumb Code     0  arm_startup_nrf51.o(.text)
    WDT_IRQHandler                           0x0001b0f9   Thumb Code     0  arm_startup_nrf51.o(.text)
    __aeabi_uidiv                            0x0001b10d   Thumb Code     0  uidiv.o(.text)
    __aeabi_uidivmod                         0x0001b10d   Thumb Code    44  uidiv.o(.text)
    __aeabi_idiv                             0x0001b139   Thumb Code     0  idiv.o(.text)
    __aeabi_idivmod                          0x0001b139   Thumb Code    40  idiv.o(.text)
    __aeabi_memcpy                           0x0001b161   Thumb Code    36  memcpya.o(.text)
    __aeabi_memcpy4                          0x0001b161   Thumb Code     0  memcpya.o(.text)
    __aeabi_memcpy8                          0x0001b161   Thumb Code     0  memcpya.o(.text)
    __aeabi_memset                           0x0001b185   Thumb Code    14  memseta.o(.text)
    __aeabi_memset4                          0x0001b185   Thumb Code     0  memseta.o(.text)
    __aeabi_memset8                          0x0001b185   Thumb Code     0  memseta.o(.text)
    __aeabi_memclr                           0x0001b193   Thumb Code     4  memseta.o(.text)
    __aeabi_memclr4                          0x0001b193   Thumb Code     0  memseta.o(.text)
    __aeabi_memclr8                          0x0001b193   Thumb Code     0  memseta.o(.text)
    _memset$wrapper                          0x0001b197   Thumb Code    18  memseta.o(.text)
    strstr                                   0x0001b1a9   Thumb Code    40  strstr.o(.text)
    strlen                                   0x0001b1d1   Thumb Code    14  strlen.o(.text)
    strcmp                                   0x0001b1df   Thumb Code    28  strcmp.o(.text)
    strcpy                                   0x0001b1fb   Thumb Code    18  strcpy.o(.text)
    strtok                                   0x0001b20d   Thumb Code    68  strtok.o(.text)
    atoi                                     0x0001b255   Thumb Code    26  atoi.o(.text)
    __aeabi_dmul                             0x0001b271   Thumb Code   202  dmul.o(.text)
    __aeabi_ddiv                             0x0001b341   Thumb Code   234  ddiv.o(.text)
    __aeabi_ui2d                             0x0001b431   Thumb Code    24  dfltui.o(.text)
    __aeabi_d2uiz                            0x0001b44d   Thumb Code    50  dfixui.o(.text)
    __aeabi_uldivmod                         0x0001b489   Thumb Code    96  uldiv.o(.text)
    __aeabi_llsr                             0x0001b4e9   Thumb Code    34  llushr.o(.text)
    _ll_ushift_r                             0x0001b4e9   Thumb Code     0  llushr.o(.text)
    strtol                                   0x0001b50d   Thumb Code   108  strtol.o(.text)
    __I$use$fp                               0x0001b57d   Thumb Code     0  iusefp.o(.text)
    _double_round                            0x0001b57d   Thumb Code    26  depilogue.o(.text)
    _double_epilogue                         0x0001b597   Thumb Code   164  depilogue.o(.text)
    __scatterload                            0x0001b63d   Thumb Code    28  init.o(.text)
    __scatterload_rt2                        0x0001b63d   Thumb Code     0  init.o(.text)
    __aeabi_llsl                             0x0001b661   Thumb Code    32  llshl.o(.text)
    _ll_shift_l                              0x0001b661   Thumb Code     0  llshl.o(.text)
    __rt_ctype_table                         0x0001b681   Thumb Code     4  ctype_o.o(.text)
    _strtoul                                 0x0001b689   Thumb Code   166  _strtoul.o(.text)
    _chval                                   0x0001b72f   Thumb Code    30  _chval.o(.text)
    __decompress                             0x0001b74d   Thumb Code     0  __dczerorl.o(.text)
    __decompress0                            0x0001b74d   Thumb Code    58  __dczerorl.o(.text)
    ADC_IRQHandler                           0x0001b789   Thumb Code    78  nrf_drv_adc.o(i.ADC_IRQHandler)
    GPIOTE_IRQHandler                        0x0001b7e9   Thumb Code   316  nrf_drv_gpiote.o(i.GPIOTE_IRQHandler)
    POWER_CLOCK_IRQHandler                   0x0001b97d   Thumb Code    70  nrf_drv_clock.o(i.POWER_CLOCK_IRQHandler)
    RTC1_IRQHandler                          0x0001b9d1   Thumb Code    28  app_timer.o(i.RTC1_IRQHandler)
    SEGGER_RTT_Write                         0x0001b9f1   Thumb Code    32  segger_rtt.o(i.SEGGER_RTT_Write)
    SEGGER_RTT_WriteNoLock                   0x0001ba15   Thumb Code    86  segger_rtt.o(i.SEGGER_RTT_WriteNoLock)
    SEGGER_RTT_printf                        0x0001ba71   Thumb Code    24  segger_rtt_printf.o(i.SEGGER_RTT_printf)
    SEGGER_RTT_vprintf                       0x0001ba89   Thumb Code   404  segger_rtt_printf.o(i.SEGGER_RTT_vprintf)
    SWI0_IRQHandler                          0x0001bc1d   Thumb Code     8  app_timer.o(i.SWI0_IRQHandler)
    SWI2_IRQHandler                          0x0001bc25   Thumb Code    34  softdevice_handler.o(i.SWI2_IRQHandler)
    SystemInit                               0x0001bc51   Thumb Code   130  system_nrf51.o(i.SystemInit)
    TIMER0_IRQHandler                        0x0001bcf1   Thumb Code    60  nrf_drv_timer.o(i.TIMER0_IRQHandler)
    UART0_IRQHandler                         0x0001bd35   Thumb Code    12  nrf_drv_uart.o(i.UART0_IRQHandler)
    __0fprintf$8                             0x0001c049   Thumb Code    24  printf8.o(i.__0fprintf$8)
    __1fprintf$8                             0x0001c049   Thumb Code     0  printf8.o(i.__0fprintf$8)
    __2fprintf                               0x0001c049   Thumb Code     0  printf8.o(i.__0fprintf$8)
    __0sprintf$8                             0x0001c065   Thumb Code    36  printf8.o(i.__0sprintf$8)
    __1sprintf$8                             0x0001c065   Thumb Code     0  printf8.o(i.__0sprintf$8)
    __2sprintf                               0x0001c065   Thumb Code     0  printf8.o(i.__0sprintf$8)
    __ARM_clz                                0x0001c08d   Thumb Code    46  depilogue.o(i.__ARM_clz)
    __ARM_common_switch8                     0x0001c0bb   Thumb Code    26  main.o(i.__ARM_common_switch8)
    __aeabi_errno_addr                       0x0001c0d5   Thumb Code     4  errno.o(i.__aeabi_errno_addr)
    __rt_errno_addr                          0x0001c0d5   Thumb Code     0  errno.o(i.__aeabi_errno_addr)
    free                                     0x0001c0dd   Thumb Code    94  mallocr.o(i.__free$realloc)
    malloc                                   0x0001c141   Thumb Code    54  mallocr.o(i.__malloc$realloc)
    __scatterload_copy                       0x0001c189   Thumb Code    14  handlers.o(i.__scatterload_copy)
    __scatterload_null                       0x0001c197   Thumb Code     2  handlers.o(i.__scatterload_null)
    __scatterload_zeroinit                   0x0001c199   Thumb Code    14  handlers.o(i.__scatterload_zeroinit)
    adc_config                               0x0001c645   Thumb Code    46  adc_config.o(i.adc_config)
    adc_event_handler                        0x0001c699   Thumb Code    54  adc_config.o(i.adc_event_handler)
    adc_read                                 0x0001c6e5   Thumb Code    82  adc_config.o(i.adc_read)
    adv_data_encode                          0x0001c7bd   Thumb Code   398  ble_advdata.o(i.adv_data_encode)
    advertising_init                         0x0001c9b5   Thumb Code    96  ble_config.o(i.advertising_init)
    app_button_enable                        0x0001ca35   Thumb Code    32  app_button.o(i.app_button_enable)
    app_button_init                          0x0001ca59   Thumb Code   100  app_button.o(i.app_button_init)
    app_error_fault_handler                  0x0001cacd   Thumb Code     8  app_error_weak.o(i.app_error_fault_handler)
    app_error_handler                        0x0001cad5   Thumb Code    22  app_error.o(i.app_error_handler)
    app_error_save_and_stop                  0x0001caf1   Thumb Code    90  app_error.o(i.app_error_save_and_stop)
    app_fifo_get                             0x0001cb55   Thumb Code    22  app_fifo.o(i.app_fifo_get)
    app_fifo_init                            0x0001cb6b   Thumb Code    36  app_fifo.o(i.app_fifo_init)
    app_fifo_put                             0x0001cb8f   Thumb Code    26  app_fifo.o(i.app_fifo_put)
    app_gpiote_init                          0x0001cba9   Thumb Code    60  app_gpiote.o(i.app_gpiote_init)
    app_pwm_busy_check                       0x0001cbe9   Thumb Code    52  app_pwm.o(i.app_pwm_busy_check)
    app_pwm_channel_duty_ticks_set           0x0001cc25   Thumb Code   172  app_pwm.o(i.app_pwm_channel_duty_ticks_set)
    app_pwm_init                             0x0001cdb9   Thumb Code   362  app_pwm.o(i.app_pwm_init)
    app_timer_create                         0x0001cf39   Thumb Code    40  app_timer.o(i.app_timer_create)
    app_timer_init                           0x0001cf65   Thumb Code    98  app_timer.o(i.app_timer_init)
    app_timer_start                          0x0001cfd9   Thumb Code   128  app_timer.o(i.app_timer_start)
    app_timer_stop                           0x0001d061   Thumb Code    36  app_timer.o(i.app_timer_stop)
    app_uart_get                             0x0001d089   Thumb Code    50  app_uart_fifo.o(i.app_uart_get)
    app_uart_init                            0x0001d101   Thumb Code   160  app_uart_fifo.o(i.app_uart_init)
    app_uart_put                             0x0001d1b1   Thumb Code    56  app_uart_fifo.o(i.app_uart_put)
    app_util_critical_region_enter           0x0001d1f1   Thumb Code    48  app_util_platform.o(i.app_util_critical_region_enter)
    app_util_critical_region_exit            0x0001d22d   Thumb Code    36  app_util_platform.o(i.app_util_critical_region_exit)
    ble_advdata_set                          0x0001d265   Thumb Code   104  ble_advdata.o(i.ble_advdata_set)
    ble_advertising_init                     0x0001d2cd   Thumb Code   340  ble_advertising.o(i.ble_advertising_init)
    ble_advertising_on_ble_evt               0x0001d429   Thumb Code    82  ble_advertising.o(i.ble_advertising_on_ble_evt)
    ble_advertising_on_sys_evt               0x0001d481   Thumb Code    42  ble_advertising.o(i.ble_advertising_on_sys_evt)
    ble_advertising_start                    0x0001d4b1   Thumb Code   256  ble_advertising.o(i.ble_advertising_start)
    ble_conn_params_init                     0x0001d5b9   Thumb Code    68  ble_conn_params.o(i.ble_conn_params_init)
    ble_conn_params_on_ble_evt               0x0001d60d   Thumb Code   130  ble_conn_params.o(i.ble_conn_params_on_ble_evt)
    ble_evt_dispatch                         0x0001d6fd   Thumb Code    30  ble_config.o(i.ble_evt_dispatch)
    ble_nus_init                             0x0001d721   Thumb Code    98  ble_nus.o(i.ble_nus_init)
    ble_nus_on_ble_evt                       0x0001d789   Thumb Code    92  ble_nus.o(i.ble_nus_on_ble_evt)
    ble_nus_string_send                      0x0001d7e5   Thumb Code    78  ble_nus.o(i.ble_nus_string_send)
    ble_srv_is_notification_enabled          0x0001d839   Thumb Code    14  ble_srv_common.o(i.ble_srv_is_notification_enabled)
    ble_stack_init                           0x0001d849   Thumb Code   124  ble_config.o(i.ble_stack_init)
    bsp_indication_set                       0x0001d98d   Thumb Code    22  bsp.o(i.bsp_indication_set)
    conn_params_error_handler                0x0001de25   Thumb Code    12  ble_config.o(i.conn_params_error_handler)
    conn_params_init                         0x0001de49   Thumb Code    68  ble_config.o(i.conn_params_init)
    exe_cmd                                  0x0001dfb5   Thumb Code   208  main.o(i.exe_cmd)
    exe_fond                                 0x0001e121   Thumb Code   546  main.o(i.exe_fond)
    fputc                                    0x0001e583   Thumb Code    14  retarget.o(i.fputc)
    fs_erase                                 0x0001e591   Thumb Code   118  fstorage.o(i.fs_erase)
    fs_init                                  0x0001e69d   Thumb Code   154  fstorage.o(i.fs_init)
    fs_queued_op_count_get                   0x0001e749   Thumb Code    18  fstorage.o(i.fs_queued_op_count_get)
    fs_store                                 0x0001e761   Thumb Code   128  fstorage.o(i.fs_store)
    fs_sys_event_handler                     0x0001e7e5   Thumb Code    94  fstorage.o(i.fs_sys_event_handler)
    fstorage_update2                         0x0001ea59   Thumb Code   254  main.o(i.fstorage_update2)
    gap_params_init                          0x0001ec4d   Thumb Code    78  ble_config.o(i.gap_params_init)
    gaz_module_init                          0x0001ecb5   Thumb Code     6  module.o(i.gaz_module_init)
    intern_softdevice_events_execute         0x0001ed0d   Thumb Code   130  softdevice_handler.o(i.intern_softdevice_events_execute)
    main                                     0x0001f00d   Thumb Code   314  main.o(i.main)
    nrf_drv_adc_channel_enable               0x0001f459   Thumb Code    28  nrf_drv_adc.o(i.nrf_drv_adc_channel_enable)
    nrf_drv_adc_init                         0x0001f479   Thumb Code    50  nrf_drv_adc.o(i.nrf_drv_adc_init)
    nrf_drv_clock_init                       0x0001f4b9   Thumb Code    50  nrf_drv_clock.o(i.nrf_drv_clock_init)
    nrf_drv_clock_on_sd_enable               0x0001f4f5   Thumb Code    46  nrf_drv_clock.o(i.nrf_drv_clock_on_sd_enable)
    nrf_drv_clock_on_soc_event               0x0001f529   Thumb Code    12  nrf_drv_clock.o(i.nrf_drv_clock_on_soc_event)
    nrf_drv_common_irq_enable                0x0001f535   Thumb Code    78  nrf_drv_common.o(i.nrf_drv_common_irq_enable)
    nrf_drv_gpiote_in_event_enable           0x0001f595   Thumb Code   134  nrf_drv_gpiote.o(i.nrf_drv_gpiote_in_event_enable)
    nrf_drv_gpiote_in_init                   0x0001f62d   Thumb Code   146  nrf_drv_gpiote.o(i.nrf_drv_gpiote_in_init)
    nrf_drv_gpiote_in_is_set                 0x0001f6d1   Thumb Code    16  nrf_drv_gpiote.o(i.nrf_drv_gpiote_in_is_set)
    nrf_drv_gpiote_init                      0x0001f6e5   Thumb Code    84  nrf_drv_gpiote.o(i.nrf_drv_gpiote_init)
    nrf_drv_gpiote_is_init                   0x0001f741   Thumb Code    12  nrf_drv_gpiote.o(i.nrf_drv_gpiote_is_init)
    nrf_drv_gpiote_out_init                  0x0001f751   Thumb Code   136  nrf_drv_gpiote.o(i.nrf_drv_gpiote_out_init)
    nrf_drv_gpiote_out_task_addr_get         0x0001f7e9   Thumb Code    16  nrf_drv_gpiote.o(i.nrf_drv_gpiote_out_task_addr_get)
    nrf_drv_gpiote_out_task_force            0x0001f7fd   Thumb Code    36  nrf_drv_gpiote.o(i.nrf_drv_gpiote_out_task_force)
    nrf_drv_gpiote_out_uninit                0x0001f829   Thumb Code    60  nrf_drv_gpiote.o(i.nrf_drv_gpiote_out_uninit)
    nrf_drv_ppi_channel_alloc                0x0001f86d   Thumb Code    94  nrf_drv_ppi.o(i.nrf_drv_ppi_channel_alloc)
    nrf_drv_ppi_channel_assign               0x0001f8d5   Thumb Code    58  nrf_drv_ppi.o(i.nrf_drv_ppi_channel_assign)
    nrf_drv_ppi_channel_disable              0x0001f915   Thumb Code    52  nrf_drv_ppi.o(i.nrf_drv_ppi_channel_disable)
    nrf_drv_ppi_channel_enable               0x0001f94d   Thumb Code    52  nrf_drv_ppi.o(i.nrf_drv_ppi_channel_enable)
    nrf_drv_ppi_channel_free                 0x0001f985   Thumb Code    54  nrf_drv_ppi.o(i.nrf_drv_ppi_channel_free)
    nrf_drv_ppi_channels_include_in_group    0x0001f9c5   Thumb Code    78  nrf_drv_ppi.o(i.nrf_drv_ppi_channels_include_in_group)
    nrf_drv_ppi_channels_remove_from_group   0x0001fa19   Thumb Code    78  nrf_drv_ppi.o(i.nrf_drv_ppi_channels_remove_from_group)
    nrf_drv_ppi_group_alloc                  0x0001fa6d   Thumb Code    94  nrf_drv_ppi.o(i.nrf_drv_ppi_group_alloc)
    nrf_drv_ppi_group_enable                 0x0001fad1   Thumb Code    44  nrf_drv_ppi.o(i.nrf_drv_ppi_group_enable)
    nrf_drv_ppi_group_free                   0x0001fb01   Thumb Code    72  nrf_drv_ppi.o(i.nrf_drv_ppi_group_free)
    nrf_drv_ppi_init                         0x0001fb51   Thumb Code    20  nrf_drv_ppi.o(i.nrf_drv_ppi_init)
    nrf_drv_timer_clear                      0x0001fb83   Thumb Code     8  nrf_drv_timer.o(i.nrf_drv_timer_clear)
    nrf_drv_timer_compare                    0x0001fb8b   Thumb Code    42  nrf_drv_timer.o(i.nrf_drv_timer_compare)
    nrf_drv_timer_compare_int_disable        0x0001fbc3   Thumb Code    18  nrf_drv_timer.o(i.nrf_drv_timer_compare_int_disable)
    nrf_drv_timer_compare_int_enable         0x0001fbd5   Thumb Code    34  nrf_drv_timer.o(i.nrf_drv_timer_compare_int_enable)
    nrf_drv_timer_disable                    0x0001fbf9   Thumb Code    20  nrf_drv_timer.o(i.nrf_drv_timer_disable)
    nrf_drv_timer_extended_compare           0x0001fc11   Thumb Code    46  nrf_drv_timer.o(i.nrf_drv_timer_extended_compare)
    nrf_drv_timer_init                       0x0001fc41   Thumb Code   150  nrf_drv_timer.o(i.nrf_drv_timer_init)
    nrf_drv_timer_uninit                     0x0001fcdd   Thumb Code    80  nrf_drv_timer.o(i.nrf_drv_timer_uninit)
    nrf_drv_uart_init                        0x0001fd35   Thumb Code   214  nrf_drv_uart.o(i.nrf_drv_uart_init)
    nrf_drv_uart_rx                          0x0001fe19   Thumb Code    86  nrf_drv_uart.o(i.nrf_drv_uart_rx)
    nrf_drv_uart_rx_enable                   0x0001fe75   Thumb Code    40  nrf_drv_uart.o(i.nrf_drv_uart_rx_enable)
    nrf_drv_uart_tx                          0x0001ff49   Thumb Code    46  nrf_drv_uart.o(i.nrf_drv_uart_tx)
    nrf_drv_uart_tx_in_progress              0x00020009   Thumb Code    20  nrf_drv_uart.o(i.nrf_drv_uart_tx_in_progress)
    nus_data_handler                         0x00020111   Thumb Code    42  ble_config.o(i.nus_data_handler)
    on_adv_evt                               0x0002014d   Thumb Code    12  ble_config.o(i.on_adv_evt)
    on_ble_evt                               0x00020159   Thumb Code   250  ble_config.o(i.on_ble_evt)
    on_conn_params_evt                       0x00020299   Thumb Code    30  ble_config.o(i.on_conn_params_evt)
    on_off_advertising                       0x000202d5   Thumb Code   120  ble_config.o(i.on_off_advertising)
    power_manage                             0x0002045d   Thumb Code    20  main.o(i.power_manage)
    pwm_init                                 0x00020519   Thumb Code    54  pwm_config.o(i.pwm_init)
    pwm_ready_callback                       0x00020585   Thumb Code     8  pwm_config.o(i.pwm_ready_callback)
    pwm_ready_tick                           0x00020591   Thumb Code    78  app_pwm.o(i.pwm_ready_tick)
    read_sms                                 0x00020a91   Thumb Code    82  sim800l.o(i.read_sms)
    realloc                                  0x00020b21   Thumb Code   110  mallocr.o(i.realloc)
    routine                                  0x00020b95   Thumb Code   318  main.o(i.routine)
    sendCmdAndWaitForResp                    0x00020f79   Thumb Code    40  uart_config.o(i.sendCmdAndWaitForResp)
    sending_msg                              0x00020fed   Thumb Code    34  ble_config.o(i.sending_msg)
    services_init                            0x000210ad   Thumb Code    28  ble_config.o(i.services_init)
    sleep_mode_enter                         0x00021195   Thumb Code    20  main.o(i.sleep_mode_enter)
    softdevice_ble_evt_handler_set           0x000211b9   Thumb Code    16  softdevice_handler.o(i.softdevice_ble_evt_handler_set)
    softdevice_enable                        0x000211cd   Thumb Code    14  softdevice_handler.o(i.softdevice_enable)
    softdevice_enable_get_default_config     0x000211e1   Thumb Code    40  softdevice_handler.o(i.softdevice_enable_get_default_config)
    softdevice_fault_handler                 0x00021209   Thumb Code     8  softdevice_handler.o(i.softdevice_fault_handler)
    softdevice_handler_init                  0x00021211   Thumb Code    74  softdevice_handler.o(i.softdevice_handler_init)
    softdevice_handler_is_enabled            0x00021269   Thumb Code     6  softdevice_handler.o(i.softdevice_handler_is_enabled)
    softdevice_sys_evt_handler_set           0x00021275   Thumb Code    16  softdevice_handler.o(i.softdevice_sys_evt_handler_set)
    str_split                                0x00021289   Thumb Code    90  main.o(i.str_split)
    str_sub                                  0x00021301   Thumb Code    66  main.o(i.str_sub)
    timer1_handler                           0x00021371   Thumb Code    42  main.o(i.timer1_handler)
    uart_get_string                          0x00021719   Thumb Code    40  uart_config.o(i.uart_get_string)
    uart_handle                              0x00021741   Thumb Code   414  uart_config.o(i.uart_handle)
    uart_init                                0x000219bd   Thumb Code    60  uart_config.o(i.uart_init)
    uart_put_string                          0x00021b49   Thumb Code    66  uart_config.o(i.uart_put_string)
    waitForResp                              0x00021d0d   Thumb Code    94  uart_config.o(i.waitForResp)
    m_pwm_PWM1_timer                         0x00021e0c   Data           8  pwm_config.o(.constdata)
    PWM1                                     0x00021e14   Data           8  pwm_config.o(.constdata)
    __ctype_table                            0x00021f1c   Data         129  ctype_o.o(.constdata)
    Region$$Table$$Base                      0x00022048   Number         0  anon$$obj.o(Region$$Table)
    Region$$Table$$Limit                     0x00022068   Number         0  anon$$obj.o(Region$$Table)
    Image$$RW_IRAM1$$Base                    0x20001fe8   Number         0  anon$$obj.o ABSOLUTE
    operation                                0x20001fe8   Data           1  main.o(.data)
    c                                        0x20001fe9   Data           1  main.o(.data)
    cc                                       0x20001fea   Data           1  main.o(.data)
    s                                        0x20001fec   Data           4  main.o(.data)
    cmd_arry                                 0x20001ff0   Data           4  main.o(.data)
    nbr_arry                                 0x20001ff4   Data           4  main.o(.data)
    last                                     0x20001ff8   Data           4  main.o(.data)
    cmd_key                                  0x20001ffc   Data           4  main.o(.data)
    recv                                     0x20002000   Data           4  main.o(.data)
    MSG_STOP                                 0x2000200c   Data          16  main.o(.data)
    myBle_connection_state                   0x2000201c   Data           1  ble_config.o(.data)
    ADV_state                                0x2000201d   Data           1  ble_config.o(.data)
    lock                                     0x2000201e   Data           1  ble_config.o(.data)
    m_conn_handle                            0x20002020   Data           2  ble_config.o(.data)
    m_adv_uuids                              0x20002022   Data           4  ble_config.o(.data)
    m_channel_config                         0x20002028   Data           8  adc_config.o(.data)
    uart_data                                0x20002032   Data           1  uart_config.o(.data)
    uart_data_found                          0x20002033   Data           1  uart_config.o(.data)
    uart_new_command                         0x20002034   Data           1  uart_config.o(.data)
    uart_event                               0x20002035   Data           1  uart_config.o(.data)
    resp_type                                0x20002036   Data           1  uart_config.o(.data)
    is_uart_timer_start                      0x20002037   Data           1  uart_config.o(.data)
    indexx                                   0x20002038   Data           2  uart_config.o(.data)
    nrf_nvic_state                           0x200020e8   Data           8  app_util_platform.o(.data)
    m_pwm_ready_counter                      0x20002107   Data           6  app_pwm.o(.data)
    SystemCoreClock                          0x20002124   Data           4  system_nrf51.o(.data)
    __stderr                                 0x20002128   Data           4  stderr.o(.data)
    __microlib_freelist                      0x20002130   Data           4  mvars.o(.data)
    __microlib_freelist_initialised          0x20002134   Data           4  mvars.o(.data)
    fs_data$$Base                            0x2000213c   Number         0  main.o(fs_data)
    fs_data$$Limit                           0x2000214c   Number         0  main.o(fs_data)
    gaz_module_                              0x200021fc   Data          87  main.o(.bss)
    buffT                                    0x20002253   Data          11  main.o(.bss)
    arg                                      0x2000225e   Data          20  main.o(.bss)
    m_nus                                    0x200022bc   Data          28  ble_config.o(.bss)
    m_pwm_PWM1_cb                            0x200022d8   Data          36  pwm_config.o(.bss)
    recieve                                  0x2000250c   Data         300  uart_config.o(.bss)
    res_1                                    0x20002638   Data          10  uart_config.o(.bss)
    res_2                                    0x20002642   Data          10  uart_config.o(.bss)
    err_1                                    0x2000264c   Data          10  uart_config.o(.bss)
    err_2                                    0x20002656   Data          10  uart_config.o(.bss)
    _SEGGER_RTT                              0x20002c38   Data         120  segger_rtt.o(.bss)
    __heap_base                              0x20002cb0   Data           0  arm_startup_nrf51.o(HEAP)
    __heap_limit                             0x200034b0   Data           0  arm_startup_nrf51.o(HEAP)
    __initial_sp                             0x20003cb0   Data           0  arm_startup_nrf51.o(STACK)



==============================================================================

Memory Map of the image

  Image Entry point : 0x0001b0c1

  Load Region LR_IROM1 (Base: 0x0001b000, Size: 0x000071cc, Max: 0x00025000, ABSOLUTE, COMPRESSED[0x000070ac])

    Execution Region ER_IROM1 (Base: 0x0001b000, Size: 0x00007068, Max: 0x00025000, ABSOLUTE)

    Base Addr    Size         Type   Attr      Idx    E Section Name        Object

    0x0001b000   0x000000c0   Data   RO         3332    RESET               arm_startup_nrf51.o
    0x0001b0c0   0x00000000   Code   RO         3374  * .ARM.Collect$$$$00000000  mc_p.l(entry.o)
    0x0001b0c0   0x00000004   Code   RO         3701    .ARM.Collect$$$$00000001  mc_p.l(entry2.o)
    0x0001b0c4   0x00000004   Code   RO         3704    .ARM.Collect$$$$00000004  mc_p.l(entry5.o)
    0x0001b0c8   0x00000000   Code   RO         3706    .ARM.Collect$$$$00000008  mc_p.l(entry7b.o)
    0x0001b0c8   0x00000000   Code   RO         3708    .ARM.Collect$$$$0000000A  mc_p.l(entry8b.o)
    0x0001b0c8   0x00000008   Code   RO         3709    .ARM.Collect$$$$0000000B  mc_p.l(entry9a.o)
    0x0001b0d0   0x00000000   Code   RO         3711    .ARM.Collect$$$$0000000D  mc_p.l(entry10a.o)
    0x0001b0d0   0x00000000   Code   RO         3713    .ARM.Collect$$$$0000000F  mc_p.l(entry11a.o)
    0x0001b0d0   0x00000004   Code   RO         3702    .ARM.Collect$$$$00002712  mc_p.l(entry2.o)
    0x0001b0d4   0x00000038   Code   RO         3333    .text               arm_startup_nrf51.o
    0x0001b10c   0x0000002c   Code   RO         3378    .text               mc_p.l(uidiv.o)
    0x0001b138   0x00000028   Code   RO         3380    .text               mc_p.l(idiv.o)
    0x0001b160   0x00000024   Code   RO         3382    .text               mc_p.l(memcpya.o)
    0x0001b184   0x00000024   Code   RO         3384    .text               mc_p.l(memseta.o)
    0x0001b1a8   0x00000028   Code   RO         3386    .text               mc_p.l(strstr.o)
    0x0001b1d0   0x0000000e   Code   RO         3388    .text               mc_p.l(strlen.o)
    0x0001b1de   0x0000001c   Code   RO         3390    .text               mc_p.l(strcmp.o)
    0x0001b1fa   0x00000012   Code   RO         3392    .text               mc_p.l(strcpy.o)
    0x0001b20c   0x00000048   Code   RO         3394    .text               mc_p.l(strtok.o)
    0x0001b254   0x0000001a   Code   RO         3691    .text               mc_p.l(atoi.o)
    0x0001b26e   0x00000002   PAD
    0x0001b270   0x000000d0   Code   RO         3693    .text               mf_p.l(dmul.o)
    0x0001b340   0x000000f0   Code   RO         3695    .text               mf_p.l(ddiv.o)
    0x0001b430   0x0000001c   Code   RO         3697    .text               mf_p.l(dfltui.o)
    0x0001b44c   0x0000003c   Code   RO         3699    .text               mf_p.l(dfixui.o)
    0x0001b488   0x00000060   Code   RO         3715    .text               mc_p.l(uldiv.o)
    0x0001b4e8   0x00000022   Code   RO         3717    .text               mc_p.l(llushr.o)
    0x0001b50a   0x00000002   PAD
    0x0001b50c   0x00000070   Code   RO         3728    .text               mc_p.l(strtol.o)
    0x0001b57c   0x00000000   Code   RO         3730    .text               mc_p.l(iusefp.o)
    0x0001b57c   0x000000be   Code   RO         3731    .text               mf_p.l(depilogue.o)
    0x0001b63a   0x00000002   PAD
    0x0001b63c   0x00000024   Code   RO         3741    .text               mc_p.l(init.o)
    0x0001b660   0x00000020   Code   RO         3743    .text               mc_p.l(llshl.o)
    0x0001b680   0x00000008   Code   RO         3747    .text               mc_p.l(ctype_o.o)
    0x0001b688   0x000000a6   Code   RO         3775    .text               mc_p.l(_strtoul.o)
    0x0001b72e   0x0000001e   Code   RO         3777    .text               mc_p.l(_chval.o)
    0x0001b74c   0x0000003a   Code   RO         3787    .text               mc_p.l(__dczerorl.o)
    0x0001b786   0x00000002   PAD
    0x0001b788   0x00000060   Code   RO         1860    i.ADC_IRQHandler    nrf_drv_adc.o
    0x0001b7e8   0x00000150   Code   RO         1501    i.GPIOTE_IRQHandler  nrf_drv_gpiote.o
    0x0001b938   0x00000044   Code   RO         2383    i.NVIC_SetPriority  app_timer.o
    0x0001b97c   0x00000054   Code   RO         1320    i.POWER_CLOCK_IRQHandler  nrf_drv_clock.o
    0x0001b9d0   0x00000020   Code   RO         2384    i.RTC1_IRQHandler   app_timer.o
    0x0001b9f0   0x00000024   Code   RO         3202    i.SEGGER_RTT_Write  segger_rtt.o
    0x0001ba14   0x0000005c   Code   RO         3203    i.SEGGER_RTT_WriteNoLock  segger_rtt.o
    0x0001ba70   0x00000018   Code   RO         3152    i.SEGGER_RTT_printf  segger_rtt_printf.o
    0x0001ba88   0x00000194   Code   RO         3153    i.SEGGER_RTT_vprintf  segger_rtt_printf.o
    0x0001bc1c   0x00000008   Code   RO         2385    i.SWI0_IRQHandler   app_timer.o
    0x0001bc24   0x0000002c   Code   RO         3026    i.SWI2_IRQHandler   softdevice_handler.o
    0x0001bc50   0x000000a0   Code   RO         3340    i.SystemInit        system_nrf51.o
    0x0001bcf0   0x00000044   Code   RO         1953    i.TIMER0_IRQHandler  nrf_drv_timer.o
    0x0001bd34   0x00000014   Code   RO         1696    i.UART0_IRQHandler  nrf_drv_uart.o
    0x0001bd48   0x0000006c   Code   RO         3206    i._DoInit           segger_rtt.o
    0x0001bdb4   0x00000016   Code   RO         3207    i._GetAvailWriteSpace  segger_rtt.o
    0x0001bdca   0x000000c8   Code   RO         3154    i._PrintInt         segger_rtt_printf.o
    0x0001be92   0x00000002   PAD
    0x0001be94   0x000000d8   Code   RO         3155    i._PrintUnsigned    segger_rtt_printf.o
    0x0001bf6c   0x0000003e   Code   RO         3156    i._StoreChar        segger_rtt_printf.o
    0x0001bfaa   0x00000060   Code   RO         3209    i._WriteBlocking    segger_rtt.o
    0x0001c00a   0x0000003c   Code   RO         3210    i._WriteNoCheck     segger_rtt.o
    0x0001c046   0x00000002   PAD
    0x0001c048   0x0000001c   Code   RO         3608    i.__0fprintf$8      mc_p.l(printf8.o)
    0x0001c064   0x00000028   Code   RO         3611    i.__0sprintf$8      mc_p.l(printf8.o)
    0x0001c08c   0x0000002e   Code   RO         3733    i.__ARM_clz         mf_p.l(depilogue.o)
    0x0001c0ba   0x0000001a   Code   RO          140    i.__ARM_common_switch8  main.o
    0x0001c0d4   0x00000008   Code   RO         3721    i.__aeabi_errno_addr  mc_p.l(errno.o)
    0x0001c0dc   0x00000064   Code   RO         3667    i.__free$realloc    mc_p.l(mallocr.o)
    0x0001c140   0x00000048   Code   RO         3668    i.__malloc$realloc  mc_p.l(mallocr.o)
    0x0001c188   0x0000000e   Code   RO         3781    i.__scatterload_copy  mc_p.l(handlers.o)
    0x0001c196   0x00000002   Code   RO         3782    i.__scatterload_null  mc_p.l(handlers.o)
    0x0001c198   0x0000000e   Code   RO         3783    i.__scatterload_zeroinit  mc_p.l(handlers.o)
    0x0001c1a6   0x00000002   PAD
    0x0001c1a8   0x0000001c   Code   RO         3027    i.__sd_nvic_app_accessible_irq  softdevice_handler.o
    0x0001c1c4   0x00000428   Code   RO         3616    i._printf_core      mc_p.l(printf8.o)
    0x0001c5ec   0x00000020   Code   RO         3617    i._printf_post_padding  mc_p.l(printf8.o)
    0x0001c60c   0x0000002c   Code   RO         3618    i._printf_pre_padding  mc_p.l(printf8.o)
    0x0001c638   0x0000000a   Code   RO         3620    i._sputc            mc_p.l(printf8.o)
    0x0001c642   0x00000002   PAD
    0x0001c644   0x00000054   Code   RO          539    i.adc_config        adc_config.o
    0x0001c698   0x0000004c   Code   RO          540    i.adc_event_handler  adc_config.o
    0x0001c6e4   0x00000078   Code   RO          541    i.adc_read          adc_config.o
    0x0001c75c   0x00000060   Code   RO         1861    i.adc_sample_process  nrf_drv_adc.o
    0x0001c7bc   0x0000018e   Code   RO          988    i.adv_data_encode   ble_advdata.o
    0x0001c94a   0x00000002   PAD
    0x0001c94c   0x00000068   Code   RO         1070    i.adv_mode_next_avail_get  ble_advertising.o
    0x0001c9b4   0x00000080   Code   RO          413    i.advertising_init  ble_config.o
    0x0001ca34   0x00000024   Code   RO         2201    i.app_button_enable  app_button.o
    0x0001ca58   0x00000074   Code   RO         2202    i.app_button_init   app_button.o
    0x0001cacc   0x00000008   Code   RO         2294    i.app_error_fault_handler  app_error_weak.o
    0x0001cad4   0x0000001c   Code   RO         2258    i.app_error_handler  app_error.o
    0x0001caf0   0x00000064   Code   RO         2260    i.app_error_save_and_stop  app_error.o
    0x0001cb54   0x00000016   Code   RO         2315    i.app_fifo_get      app_fifo.o
    0x0001cb6a   0x00000024   Code   RO         2316    i.app_fifo_init     app_fifo.o
    0x0001cb8e   0x0000001a   Code   RO         2318    i.app_fifo_put      app_fifo.o
    0x0001cba8   0x00000040   Code   RO         2795    i.app_gpiote_init   app_gpiote.o
    0x0001cbe8   0x0000003c   Code   RO         2869    i.app_pwm_busy_check  app_pwm.o
    0x0001cc24   0x000000b0   Code   RO         2873    i.app_pwm_channel_duty_ticks_set  app_pwm.o
    0x0001ccd4   0x000000e4   Code   RO         2874    i.app_pwm_channel_init  app_pwm.o
    0x0001cdb8   0x00000180   Code   RO         2878    i.app_pwm_init      app_pwm.o
    0x0001cf38   0x0000002c   Code   RO         2388    i.app_timer_create  app_timer.o
    0x0001cf64   0x00000074   Code   RO         2389    i.app_timer_init    app_timer.o
    0x0001cfd8   0x00000088   Code   RO         2390    i.app_timer_start   app_timer.o
    0x0001d060   0x00000028   Code   RO         2391    i.app_timer_stop    app_timer.o
    0x0001d088   0x00000078   Code   RO         2533    i.app_uart_get      app_uart_fifo.o
    0x0001d100   0x000000b0   Code   RO         2534    i.app_uart_init     app_uart_fifo.o
    0x0001d1b0   0x00000040   Code   RO         2535    i.app_uart_put      app_uart_fifo.o
    0x0001d1f0   0x0000003c   Code   RO         2593    i.app_util_critical_region_enter  app_util_platform.o
    0x0001d22c   0x0000002c   Code   RO         2594    i.app_util_critical_region_exit  app_util_platform.o
    0x0001d258   0x0000000c   Code   RO         2058    i.are_app_channels  nrf_drv_ppi.o
    0x0001d264   0x00000068   Code   RO          989    i.ble_advdata_set   ble_advdata.o
    0x0001d2cc   0x0000015c   Code   RO         1071    i.ble_advertising_init  ble_advertising.o
    0x0001d428   0x00000058   Code   RO         1072    i.ble_advertising_on_ble_evt  ble_advertising.o
    0x0001d480   0x00000030   Code   RO         1073    i.ble_advertising_on_sys_evt  ble_advertising.o
    0x0001d4b0   0x00000108   Code   RO         1076    i.ble_advertising_start  ble_advertising.o
    0x0001d5b8   0x00000054   Code   RO         1158    i.ble_conn_params_init  ble_conn_params.o
    0x0001d60c   0x00000090   Code   RO         1159    i.ble_conn_params_on_ble_evt  ble_conn_params.o
    0x0001d69c   0x0000005e   Code   RO          990    i.ble_device_addr_encode  ble_advdata.o
    0x0001d6fa   0x00000002   PAD
    0x0001d6fc   0x00000024   Code   RO          415    i.ble_evt_dispatch  ble_config.o
    0x0001d720   0x00000068   Code   RO         1277    i.ble_nus_init      ble_nus.o
    0x0001d788   0x0000005c   Code   RO         1278    i.ble_nus_on_ble_evt  ble_nus.o
    0x0001d7e4   0x00000054   Code   RO         1279    i.ble_nus_string_send  ble_nus.o
    0x0001d838   0x0000000e   Code   RO         1224    i.ble_srv_is_notification_enabled  ble_srv_common.o
    0x0001d846   0x00000002   PAD
    0x0001d848   0x000000a4   Code   RO          416    i.ble_stack_init    ble_config.o
    0x0001d8ec   0x000000a0   Code   RO          841    i.bsp_button_event_handler  bsp.o
    0x0001d98c   0x0000001c   Code   RO          847    i.bsp_indication_set  bsp.o
    0x0001d9a8   0x000001f8   Code   RO          850    i.bsp_led_indication  bsp.o
    0x0001dba0   0x00000048   Code   RO            3    i.button_handler    main.o
    0x0001dbe8   0x00000050   Code   RO            4    i.buttons_leds_init  main.o
    0x0001dc38   0x0000001c   Code   RO         1502    i.channel_free      nrf_drv_gpiote.o
    0x0001dc54   0x00000048   Code   RO         1503    i.channel_port_alloc  nrf_drv_gpiote.o
    0x0001dc9c   0x00000010   Code   RO         1504    i.channel_port_get  nrf_drv_gpiote.o
    0x0001dcac   0x00000020   Code   RO         2640    i.check_config      fstorage.o
    0x0001dccc   0x00000028   Code   RO         1321    i.clock_clk_started_notify  nrf_drv_clock.o
    0x0001dcf4   0x000000a8   Code   RO         2393    i.compare_reg_update  app_timer.o
    0x0001dd9c   0x00000088   Code   RO          991    i.conn_int_encode   ble_advdata.o
    0x0001de24   0x00000024   Code   RO          417    i.conn_params_error_handler  ble_config.o
    0x0001de48   0x00000064   Code   RO          418    i.conn_params_init  ble_config.o
    0x0001deac   0x00000068   Code   RO         1161    i.conn_params_negotiation  ble_conn_params.o
    0x0001df14   0x00000060   Code   RO         2204    i.detection_delay_timeout_handler  app_button.o
    0x0001df74   0x00000040   Code   RO         2394    i.elapsed_ticks_acquire  app_timer.o
    0x0001dfb4   0x0000016c   Code   RO            5    i.exe_cmd           main.o
    0x0001e120   0x0000043c   Code   RO            6    i.exe_fond          main.o
    0x0001e55c   0x00000014   Code   RO         2321    i.fifo_get          app_fifo.o
    0x0001e570   0x00000012   Code   RO         2322    i.fifo_put          app_fifo.o
    0x0001e582   0x0000000e   Code   RO         2762    i.fputc             retarget.o
    0x0001e590   0x0000007c   Code   RO         2641    i.fs_erase          fstorage.o
    0x0001e60c   0x00000090   Code   RO            7    i.fs_evt_handler    main.o
    0x0001e69c   0x000000ac   Code   RO         2643    i.fs_init           fstorage.o
    0x0001e748   0x00000018   Code   RO         2644    i.fs_queued_op_count_get  fstorage.o
    0x0001e760   0x00000084   Code   RO         2645    i.fs_store          fstorage.o
    0x0001e7e4   0x00000068   Code   RO         2646    i.fs_sys_event_handler  fstorage.o
    0x0001e84c   0x000000bc   Code   RO            8    i.fstorage_extract  main.o
    0x0001e908   0x00000150   Code   RO           11    i.fstorage_update   main.o
    0x0001ea58   0x000001f4   Code   RO           12    i.fstorage_update2  main.o
    0x0001ec4c   0x00000068   Code   RO          419    i.gap_params_init   ble_config.o
    0x0001ecb4   0x00000006   Code   RO          820    i.gaz_module_init   module.o
    0x0001ecba   0x00000002   PAD
    0x0001ecbc   0x00000050   Code   RO         2205    i.gpiote_event_handler  app_button.o
    0x0001ed0c   0x0000008c   Code   RO         3028    i.intern_softdevice_events_execute  softdevice_handler.o
    0x0001ed98   0x00000050   Code   RO         3669    i.internal_alloc    mc_p.l(mallocr.o)
    0x0001ede8   0x00000018   Code   RO         2059    i.is_allocated_channel  nrf_drv_ppi.o
    0x0001ee00   0x00000018   Code   RO         2060    i.is_allocated_group  nrf_drv_ppi.o
    0x0001ee18   0x0000000e   Code   RO         2061    i.is_app_channel    nrf_drv_ppi.o
    0x0001ee26   0x0000000c   Code   RO         2062    i.is_app_group      nrf_drv_ppi.o
    0x0001ee32   0x00000002   PAD
    0x0001ee34   0x0000001c   Code   RO         1162    i.is_conn_params_ok  ble_conn_params.o
    0x0001ee50   0x00000048   Code   RO         3341    i.is_manual_peripheral_setup_needed  system_nrf51.o
    0x0001ee98   0x0000000c   Code   RO         2063    i.is_programmable_app_channel  nrf_drv_ppi.o
    0x0001eea4   0x000000ac   Code   RO         2395    i.list_deletions_handler  app_timer.o
    0x0001ef50   0x000000bc   Code   RO         2396    i.list_insertions_handler  app_timer.o
    0x0001f00c   0x00000268   Code   RO           13    i.main              main.o
    0x0001f274   0x00000068   Code   RO          992    i.manuf_specific_data_encode  ble_advdata.o
    0x0001f2dc   0x0000009e   Code   RO          993    i.name_encode       ble_advdata.o
    0x0001f37a   0x00000010   Code   RO         1325    i.nrf_clock_event_check  nrf_drv_clock.o
    0x0001f38a   0x00000002   PAD
    0x0001f38c   0x00000034   Code   RO           14    i.nrf_delay_ms      main.o
    0x0001f3c0   0x00000034   Code   RO          420    i.nrf_delay_ms      ble_config.o
    0x0001f3f4   0x00000034   Code   RO          713    i.nrf_delay_ms      uart_config.o
    0x0001f428   0x00000030   Code   RO         2397    i.nrf_delay_us      app_timer.o
    0x0001f458   0x00000020   Code   RO         1865    i.nrf_drv_adc_channel_enable  nrf_drv_adc.o
    0x0001f478   0x00000040   Code   RO         1866    i.nrf_drv_adc_init  nrf_drv_adc.o
    0x0001f4b8   0x0000003c   Code   RO         1332    i.nrf_drv_clock_init  nrf_drv_clock.o
    0x0001f4f4   0x00000034   Code   RO         1338    i.nrf_drv_clock_on_sd_enable  nrf_drv_clock.o
    0x0001f528   0x0000000c   Code   RO         1339    i.nrf_drv_clock_on_soc_event  nrf_drv_clock.o
    0x0001f534   0x00000060   Code   RO         1471    i.nrf_drv_common_irq_enable  nrf_drv_common.o
    0x0001f594   0x00000098   Code   RO         1507    i.nrf_drv_gpiote_in_event_enable  nrf_drv_gpiote.o
    0x0001f62c   0x000000a4   Code   RO         1508    i.nrf_drv_gpiote_in_init  nrf_drv_gpiote.o
    0x0001f6d0   0x00000014   Code   RO         1509    i.nrf_drv_gpiote_in_is_set  nrf_drv_gpiote.o
    0x0001f6e4   0x0000005c   Code   RO         1511    i.nrf_drv_gpiote_init  nrf_drv_gpiote.o
    0x0001f740   0x00000010   Code   RO         1512    i.nrf_drv_gpiote_is_init  nrf_drv_gpiote.o
    0x0001f750   0x00000098   Code   RO         1514    i.nrf_drv_gpiote_out_init  nrf_drv_gpiote.o
    0x0001f7e8   0x00000014   Code   RO         1516    i.nrf_drv_gpiote_out_task_addr_get  nrf_drv_gpiote.o
    0x0001f7fc   0x0000002c   Code   RO         1519    i.nrf_drv_gpiote_out_task_force  nrf_drv_gpiote.o
    0x0001f828   0x00000044   Code   RO         1522    i.nrf_drv_gpiote_out_uninit  nrf_drv_gpiote.o
    0x0001f86c   0x00000068   Code   RO         2064    i.nrf_drv_ppi_channel_alloc  nrf_drv_ppi.o
    0x0001f8d4   0x00000040   Code   RO         2065    i.nrf_drv_ppi_channel_assign  nrf_drv_ppi.o
    0x0001f914   0x00000038   Code   RO         2066    i.nrf_drv_ppi_channel_disable  nrf_drv_ppi.o
    0x0001f94c   0x00000038   Code   RO         2067    i.nrf_drv_ppi_channel_enable  nrf_drv_ppi.o
    0x0001f984   0x00000040   Code   RO         2069    i.nrf_drv_ppi_channel_free  nrf_drv_ppi.o
    0x0001f9c4   0x00000054   Code   RO         2070    i.nrf_drv_ppi_channels_include_in_group  nrf_drv_ppi.o
    0x0001fa18   0x00000054   Code   RO         2071    i.nrf_drv_ppi_channels_remove_from_group  nrf_drv_ppi.o
    0x0001fa6c   0x00000064   Code   RO         2072    i.nrf_drv_ppi_group_alloc  nrf_drv_ppi.o
    0x0001fad0   0x00000030   Code   RO         2074    i.nrf_drv_ppi_group_enable  nrf_drv_ppi.o
    0x0001fb00   0x00000050   Code   RO         2075    i.nrf_drv_ppi_group_free  nrf_drv_ppi.o
    0x0001fb50   0x00000018   Code   RO         2076    i.nrf_drv_ppi_init  nrf_drv_ppi.o
    0x0001fb68   0x0000000e   Code   RO         2880    i.nrf_drv_timer_capture_get  app_pwm.o
    0x0001fb76   0x0000000c   Code   RO         2881    i.nrf_drv_timer_capture_task_address_get  app_pwm.o
    0x0001fb82   0x00000008   Code   RO         1955    i.nrf_drv_timer_clear  nrf_drv_timer.o
    0x0001fb8a   0x0000002a   Code   RO         1956    i.nrf_drv_timer_compare  nrf_drv_timer.o
    0x0001fbb4   0x0000000e   Code   RO         2882    i.nrf_drv_timer_compare_event_address_get  app_pwm.o
    0x0001fbc2   0x00000012   Code   RO         1957    i.nrf_drv_timer_compare_int_disable  nrf_drv_timer.o
    0x0001fbd4   0x00000022   Code   RO         1958    i.nrf_drv_timer_compare_int_enable  nrf_drv_timer.o
    0x0001fbf6   0x00000002   PAD
    0x0001fbf8   0x00000018   Code   RO         1959    i.nrf_drv_timer_disable  nrf_drv_timer.o
    0x0001fc10   0x0000002e   Code   RO         1961    i.nrf_drv_timer_extended_compare  nrf_drv_timer.o
    0x0001fc3e   0x00000002   PAD
    0x0001fc40   0x0000009c   Code   RO         1963    i.nrf_drv_timer_init  nrf_drv_timer.o
    0x0001fcdc   0x00000058   Code   RO         1966    i.nrf_drv_timer_uninit  nrf_drv_timer.o
    0x0001fd34   0x000000e4   Code   RO         1698    i.nrf_drv_uart_init  nrf_drv_uart.o
    0x0001fe18   0x0000005c   Code   RO         1699    i.nrf_drv_uart_rx   nrf_drv_uart.o
    0x0001fe74   0x0000002c   Code   RO         1702    i.nrf_drv_uart_rx_enable  nrf_drv_uart.o
    0x0001fea0   0x000000a8   Code   RO         1703    i.nrf_drv_uart_rx_for_uart  nrf_drv_uart.o
    0x0001ff48   0x00000034   Code   RO         1704    i.nrf_drv_uart_tx   nrf_drv_uart.o
    0x0001ff7c   0x0000008c   Code   RO         1706    i.nrf_drv_uart_tx_for_uart  nrf_drv_uart.o
    0x00020008   0x00000018   Code   RO         1707    i.nrf_drv_uart_tx_in_progress  nrf_drv_uart.o
    0x00020020   0x00000024   Code   RO         1524    i.nrf_gpio_cfg      nrf_drv_gpiote.o
    0x00020044   0x00000024   Code   RO         1709    i.nrf_gpio_cfg      nrf_drv_uart.o
    0x00020068   0x00000012   Code   RO         1525    i.nrf_gpio_cfg_default  nrf_drv_gpiote.o
    0x0002007a   0x00000012   Code   RO         1711    i.nrf_gpio_cfg_input  nrf_drv_uart.o
    0x0002008c   0x00000010   Code   RO           15    i.nrf_gpio_cfg_output  main.o
    0x0002009c   0x00000014   Code   RO         1712    i.nrf_gpio_cfg_output  nrf_drv_uart.o
    0x000200b0   0x00000020   Code   RO         1526    i.nrf_gpio_cfg_sense_set  nrf_drv_gpiote.o
    0x000200d0   0x00000010   Code   RO         1527    i.nrf_gpiote_event_clear  nrf_drv_gpiote.o
    0x000200e0   0x00000014   Code   RO         1528    i.nrf_gpiote_event_is_set  nrf_drv_gpiote.o
    0x000200f4   0x0000000a   Code   RO         1713    i.nrf_uart_event_check  nrf_drv_uart.o
    0x000200fe   0x00000010   Code   RO         1714    i.nrf_uart_int_enable_check  nrf_drv_uart.o
    0x0002010e   0x00000002   PAD
    0x00020110   0x0000003c   Code   RO          421    i.nus_data_handler  ble_config.o
    0x0002014c   0x0000000c   Code   RO          422    i.on_adv_evt        ble_config.o
    0x00020158   0x00000140   Code   RO          423    i.on_ble_evt        ble_config.o
    0x00020298   0x0000003c   Code   RO          424    i.on_conn_params_evt  ble_config.o
    0x000202d4   0x00000104   Code   RO          425    i.on_off_advertising  ble_config.o
    0x000203d8   0x00000054   Code   RO         2647    i.on_operation_success  fstorage.o
    0x0002042c   0x00000018   Code   RO         1529    i.pin_in_use_by_port  nrf_drv_gpiote.o
    0x00020444   0x00000018   Code   RO         1530    i.pin_in_use_by_te  nrf_drv_gpiote.o
    0x0002045c   0x00000024   Code   RO           16    i.power_manage      main.o
    0x00020480   0x00000018   Code   RO         2883    i.pwm_channel_ppi_disable  app_pwm.o
    0x00020498   0x00000080   Code   RO         2884    i.pwm_dealloc       app_pwm.o
    0x00020518   0x00000058   Code   RO          592    i.pwm_init          pwm_config.o
    0x00020570   0x00000014   Code   RO         2885    i.pwm_ppi_disable   app_pwm.o
    0x00020584   0x0000000c   Code   RO          593    i.pwm_ready_callback  pwm_config.o
    0x00020590   0x00000058   Code   RO         2886    i.pwm_ready_tick    app_pwm.o
    0x000205e8   0x00000074   Code   RO         2887    i.pwm_transition_0or100_to_0or100  app_pwm.o
    0x0002065c   0x00000114   Code   RO         2888    i.pwm_transition_0or100_to_n  app_pwm.o
    0x00020770   0x0000010c   Code   RO         2889    i.pwm_transition_n_to_0or100  app_pwm.o
    0x0002087c   0x000000d8   Code   RO         2890    i.pwm_transition_n_to_m  app_pwm.o
    0x00020954   0x0000002c   Code   RO         2648    i.queue_advance     fstorage.o
    0x00020980   0x00000038   Code   RO         2649    i.queue_get_next_free  fstorage.o
    0x000209b8   0x000000bc   Code   RO         2650    i.queue_process     fstorage.o
    0x00020a74   0x0000001c   Code   RO         2651    i.queue_start       fstorage.o
    0x00020a90   0x00000090   Code   RO          645    i.read_sms          sim800l.o
    0x00020b20   0x00000074   Code   RO         3670    i.realloc           mc_p.l(mallocr.o)
    0x00020b94   0x00000228   Code   RO           18    i.routine           main.o
    0x00020dbc   0x00000044   Code   RO         2398    i.rtc1_stop         app_timer.o
    0x00020e00   0x00000026   Code   RO         1715    i.rx_byte           nrf_drv_uart.o
    0x00020e26   0x0000009e   Code   RO         1280    i.rx_char_add       ble_nus.o
    0x00020ec4   0x00000014   Code   RO         1716    i.rx_done_event     nrf_drv_uart.o
    0x00020ed8   0x0000001a   Code   RO         1717    i.rx_enable         nrf_drv_uart.o
    0x00020ef2   0x00000002   PAD
    0x00020ef4   0x00000084   Code   RO         3030    i.sd_nvic_EnableIRQ  softdevice_handler.o
    0x00020f78   0x0000002c   Code   RO          714    i.sendCmdAndWaitForResp  uart_config.o
    0x00020fa4   0x00000048   Code   RO         2652    i.send_event        fstorage.o
    0x00020fec   0x00000030   Code   RO          426    i.sending_msg       ble_config.o
    0x0002101c   0x0000008e   Code   RO          994    i.service_data_encode  ble_advdata.o
    0x000210aa   0x00000002   PAD
    0x000210ac   0x0000003c   Code   RO          427    i.services_init     ble_config.o
    0x000210e8   0x00000058   Code   RO         1078    i.set_adv_mode_fast  ble_advertising.o
    0x00021140   0x00000054   Code   RO         1079    i.set_adv_mode_slow  ble_advertising.o
    0x00021194   0x00000024   Code   RO           19    i.sleep_mode_enter  main.o
    0x000211b8   0x00000014   Code   RO         3031    i.softdevice_ble_evt_handler_set  softdevice_handler.o
    0x000211cc   0x00000014   Code   RO         3032    i.softdevice_enable  softdevice_handler.o
    0x000211e0   0x00000028   Code   RO         3033    i.softdevice_enable_get_default_config  softdevice_handler.o
    0x00021208   0x00000008   Code   RO         3034    i.softdevice_fault_handler  softdevice_handler.o
    0x00021210   0x00000058   Code   RO         3035    i.softdevice_handler_init  softdevice_handler.o
    0x00021268   0x0000000c   Code   RO         3036    i.softdevice_handler_is_enabled  softdevice_handler.o
    0x00021274   0x00000014   Code   RO         3041    i.softdevice_sys_evt_handler_set  softdevice_handler.o
    0x00021288   0x00000078   Code   RO           20    i.str_split         main.o
    0x00021300   0x00000060   Code   RO           21    i.str_sub           main.o
    0x00021360   0x00000010   Code   RO          428    i.sys_evt_dispatch  ble_config.o
    0x00021370   0x00000064   Code   RO           22    i.timer1_handler    main.o
    0x000213d4   0x00000084   Code   RO         2399    i.timer_list_handler  app_timer.o
    0x00021458   0x00000010   Code   RO         2400    i.timer_list_handler_sched  app_timer.o
    0x00021468   0x00000040   Code   RO         2401    i.timer_list_insert  app_timer.o
    0x000214a8   0x00000048   Code   RO         2402    i.timer_stop_op_schedule  app_timer.o
    0x000214f0   0x000000c0   Code   RO         2403    i.timer_timeouts_check  app_timer.o
    0x000215b0   0x0000001e   Code   RO         1718    i.tx_byte           nrf_drv_uart.o
    0x000215ce   0x00000080   Code   RO         1281    i.tx_char_add       ble_nus.o
    0x0002164e   0x00000018   Code   RO         1719    i.tx_done_event     nrf_drv_uart.o
    0x00021666   0x00000002   PAD
    0x00021668   0x000000b0   Code   RO         2536    i.uart_event_handler  app_uart_fifo.o
    0x00021718   0x00000028   Code   RO          717    i.uart_get_string   uart_config.o
    0x00021740   0x0000027c   Code   RO          718    i.uart_handle       uart_config.o
    0x000219bc   0x00000064   Code   RO          719    i.uart_init         uart_config.o
    0x00021a20   0x00000128   Code   RO         1720    i.uart_irq_handler  nrf_drv_uart.o
    0x00021b48   0x00000048   Code   RO          720    i.uart_put_string   uart_config.o
    0x00021b90   0x0000000a   Code   RO          995    i.uint16_encode     ble_advdata.o
    0x00021b9a   0x00000002   PAD
    0x00021b9c   0x00000064   Code   RO         1163    i.update_timeout_handler  ble_conn_params.o
    0x00021c00   0x0000002c   Code   RO         2404    i.user_op_alloc     app_timer.o
    0x00021c2c   0x00000030   Code   RO          996    i.uuid_list_encode  ble_advdata.o
    0x00021c5c   0x000000ae   Code   RO          997    i.uuid_list_sized_encode  ble_advdata.o
    0x00021d0a   0x00000002   PAD
    0x00021d0c   0x000000dc   Code   RO          723    i.waitForResp       uart_config.o
    0x00021de8   0x00000018   Code   RO         1080    i.whitelist_has_entries  ble_advertising.o
    0x00021e00   0x00000004   Data   RO           25    .constdata          main.o
    0x00021e04   0x00000004   Data   RO          430    .constdata          ble_config.o
    0x00021e08   0x00000001   Data   RO          542    .constdata          adc_config.o
    0x00021e09   0x00000003   PAD
    0x00021e0c   0x00000008   Data   RO          595    .constdata          pwm_config.o
    0x00021e14   0x0000001c   Data   RO          596    .constdata          pwm_config.o
    0x00021e30   0x0000003c   Data   RO          650    .constdata          sim800l.o
    0x00021e6c   0x00000018   Data   RO          729    .constdata          uart_config.o
    0x00021e84   0x0000003c   Data   RO          859    .constdata          bsp.o
    0x00021ec0   0x00000004   Data   RO         1166    .constdata          ble_conn_params.o
    0x00021ec4   0x00000010   Data   RO         1282    .constdata          ble_nus.o
    0x00021ed4   0x00000001   Data   RO         1872    .constdata          nrf_drv_adc.o
    0x00021ed5   0x00000003   PAD
    0x00021ed8   0x00000008   Data   RO         2207    .constdata          app_button.o
    0x00021ee0   0x00000020   Data   RO         2538    .constdata          app_uart_fifo.o
    0x00021f00   0x0000000c   Data   RO         2892    .constdata          app_pwm.o
    0x00021f0c   0x00000010   Data   RO         3157    .constdata          segger_rtt_printf.o
    0x00021f1c   0x00000081   Data   RO         3748    .constdata          mc_p.l(ctype_o.o)
    0x00021f9d   0x00000003   PAD
    0x00021fa0   0x00000004   Data   RO         3749    .constdata          mc_p.l(ctype_o.o)
    0x00021fa4   0x00000049   Data   RO           26    .conststring        main.o
    0x00021fed   0x00000003   PAD
    0x00021ff0   0x00000057   Data   RO         3042    .conststring        softdevice_handler.o
    0x00022047   0x00000001   PAD
    0x00022048   0x00000020   Data   RO         3779    Region$$Table       anon$$obj.o


    Execution Region RW_IRAM1 (Base: 0x20001fe8, Size: 0x00001cc8, Max: 0x00006018, ABSOLUTE, COMPRESSED[0x00000044])

    Base Addr    Size         Type   Attr      Idx    E Section Name        Object

    0x20001fe8   0x00000034   Data   RW           27    .data               main.o
    0x2000201c   0x0000000a   Data   RW          431    .data               ble_config.o
    0x20002026   0x00000002   PAD
    0x20002028   0x00000008   Data   RW          543    .data               adc_config.o
    0x20002030   0x00000001   Data   RW          597    .data               pwm_config.o
    0x20002031   0x00000001   PAD
    0x20002032   0x00000008   Data   RW          731    .data               uart_config.o
    0x2000203a   0x00000002   PAD
    0x2000203c   0x00000018   Data   RW          860    .data               bsp.o
    0x20002054   0x00000030   Data   RW         1084    .data               ble_advertising.o
    0x20002084   0x00000014   Data   RW         1167    .data               ble_conn_params.o
    0x20002098   0x00000008   Data   RW         2078    .data               nrf_drv_ppi.o
    0x200020a0   0x00000014   Data   RW         2208    .data               app_button.o
    0x200020b4   0x00000020   Data   RW         2405    .data               app_timer.o
    0x200020d4   0x00000010   Data   RW         2539    .data               app_uart_fifo.o
    0x200020e4   0x0000000c   Data   RW         2597    .data               app_util_platform.o
    0x200020f0   0x00000002   Data   RW         2654    .data               fstorage.o
    0x200020f2   0x00000002   PAD
    0x200020f4   0x00000010   Data   RW         2805    .data               app_gpiote.o
    0x20002104   0x00000009   Data   RW         2893    .data               app_pwm.o
    0x2000210d   0x00000003   PAD
    0x20002110   0x00000014   Data   RW         3043    .data               softdevice_handler.o
    0x20002124   0x00000004   Data   RW         3342    .data               system_nrf51.o
    0x20002128   0x00000004   Data   RW         3377    .data               mc_p.l(stderr.o)
    0x2000212c   0x00000004   Data   RW         3395    .data               mc_p.l(strtok.o)
    0x20002130   0x00000004   Data   RW         3719    .data               mc_p.l(mvars.o)
    0x20002134   0x00000004   Data   RW         3720    .data               mc_p.l(mvars.o)
    0x20002138   0x00000004   Data   RW         3724    .data               mc_p.l(errno.o)
    0x2000213c   0x00000010   Data   RW           30    fs_data             main.o
    0x2000214c   0x00000126   Zero   RW           24    .bss                main.o
    0x20002272   0x00000002   PAD
    0x20002274   0x00000064   Zero   RW          429    .bss                ble_config.o
    0x200022d8   0x00000024   Zero   RW          594    .bss                pwm_config.o
    0x200022fc   0x00000364   Zero   RW          728    .bss                uart_config.o
    0x20002660   0x00000020   Zero   RW          855    .bss                bsp.o
    0x20002680   0x00000020   Zero   RW          856    .bss                bsp.o
    0x200026a0   0x0000000c   Zero   RW          857    .bss                bsp.o
    0x200026ac   0x00000020   Zero   RW          858    .bss                bsp.o
    0x200026cc   0x00000167   Zero   RW         1081    .bss                ble_advertising.o
    0x20002833   0x00000001   PAD
    0x20002834   0x00000020   Zero   RW         1082    .bss                ble_advertising.o
    0x20002854   0x00000020   Zero   RW         1083    .bss                ble_advertising.o
    0x20002874   0x00000020   Zero   RW         1164    .bss                ble_conn_params.o
    0x20002894   0x0000001c   Zero   RW         1165    .bss                ble_conn_params.o
    0x200028b0   0x00000014   Zero   RW         1341    .bss                nrf_drv_clock.o
    0x200028c4   0x00000048   Zero   RW         1531    .bss                nrf_drv_gpiote.o
    0x2000290c   0x0000001c   Zero   RW         1721    .bss                nrf_drv_uart.o
    0x20002928   0x00000014   Zero   RW         1871    .bss                nrf_drv_adc.o
    0x2000293c   0x0000000c   Zero   RW         1967    .bss                nrf_drv_timer.o
    0x20002948   0x00000020   Zero   RW         2206    .bss                app_button.o
    0x20002968   0x00000020   Zero   RW         2261    .bss                app_error.o
    0x20002988   0x00000020   Zero   RW         2537    .bss                app_uart_fifo.o
    0x200029a8   0x00000068   Zero   RW         2653    .bss                fstorage.o
    0x20002a10   0x00000018   Zero   RW         2891    .bss                app_pwm.o
    0x20002a28   0x00000288   Zero   RW         3211    .bss                segger_rtt.o
    0x20002cb0   0x00000800   Zero   RW         3331    HEAP                arm_startup_nrf51.o
    0x200034b0   0x00000800   Zero   RW         3330    STACK               arm_startup_nrf51.o


==============================================================================

Image component sizes


      Code (inc. data)   RO Data    RW Data    ZI Data      Debug   Object Name

       280         98          1          8          0       2558   adc_config.o
       328         34          8         20         32       8714   app_button.o
       128         16          0          0         32       3878   app_error.o
         8          0          0          0          0        630   app_error_weak.o
       122          0          0          0          0       4574   app_fifo.o
        64          4          0         16          0       7474   app_gpiote.o
      2024        110         12          9         24      31845   app_pwm.o
      1672        216          0         32          0      29571   app_timer.o
       536        102         32         16         32      10074   app_uart_fifo.o
       104         20          0         12          0       6242   app_util_platform.o
        56         18        192          0       4096        716   arm_startup_nrf51.o
      1368          6          0          0          0      17020   ble_advdata.o
      1048         68          0         48        423       9297   ble_advertising.o
      1456        474          4         10        100      15514   ble_config.o
       460         60          4         20         60       5296   ble_conn_params.o
       566         12         16          0          0       5354   ble_nus.o
        14          0          0          0          0       1398   ble_srv_common.o
       692         56         60         24        108       4713   bsp.o
      1060        142          0          2        104      11847   fstorage.o
      4418       2036         77         68        294     121410   main.o
         6          0          0          0          0        854   module.o
       288         52          1          0         20       8969   nrf_drv_adc.o
       264         36          0          0         20      17528   nrf_drv_clock.o
        96         18          0          0          0       7252   nrf_drv_common.o
      1350        156          0          0         72      25353   nrf_drv_gpiote.o
       862         76          0          8          0      18901   nrf_drv_ppi.o
       484         26          0          0         12      16488   nrf_drv_timer.o
      1302         58          0          0         28      26862   nrf_drv_uart.o
       100         38         36          1         36       4090   pwm_config.o
        14          0          0          0          0       2479   retarget.o
       414         44          0          0        648       7992   segger_rtt.o
       906          6         16          0          0       6021   segger_rtt_printf.o
       144         62         60          0          0        607   sim800l.o
       552         80         87         20          0      19844   softdevice_handler.o
       232         36          0          4          0       2367   system_nrf51.o
      1164        416         24          8        868       6183   uart_config.o

    ----------------------------------------------------------------------
     24614       4576        672        336       7012     469915   Object Totals
         0          0         32          0          0          0   (incl. Generated)
        32          0         10         10          3          0   (incl. Padding)

    ----------------------------------------------------------------------

      Code (inc. data)   RO Data    RW Data    ZI Data      Debug   Library Member Name

        58          0          0          0          0          0   __dczerorl.o
        30          0          0          0          0         60   _chval.o
       166          0          0          0          0         84   _strtoul.o
        26          0          0          0          0         72   atoi.o
         8          4        133          0          0         60   ctype_o.o
         0          0          0          0          0          0   entry.o
         0          0          0          0          0          0   entry10a.o
         0          0          0          0          0          0   entry11a.o
         8          4          0          0          0          0   entry2.o
         4          0          0          0          0          0   entry5.o
         0          0          0          0          0          0   entry7b.o
         0          0          0          0          0          0   entry8b.o
         8          4          0          0          0          0   entry9a.o
         8          4          0          4          0         60   errno.o
        30          0          0          0          0          0   handlers.o
        40          0          0          0          0         72   idiv.o
        36          8          0          0          0         68   init.o
         0          0          0          0          0          0   iusefp.o
        32          0          0          0          0         68   llshl.o
        34          0          0          0          0         68   llushr.o
       368         36          0          0          0        308   mallocr.o
        36          0          0          0          0         60   memcpya.o
        36          0          0          0          0        100   memseta.o
         0          0          0          8          0          0   mvars.o
      1218         52          0          0          0        468   printf8.o
         0          0          0          4          0          0   stderr.o
        28          0          0          0          0         68   strcmp.o
        18          0          0          0          0         60   strcpy.o
        14          0          0          0          0         60   strlen.o
        40          0          0          0          0         72   strstr.o
        72          4          0          4          0         72   strtok.o
       112          4          0          0          0         76   strtol.o
        44          0          0          0          0         72   uidiv.o
        96          0          0          0          0         84   uldiv.o
       240          6          0          0          0         84   ddiv.o
       236          0          0          0          0        216   depilogue.o
        60         10          0          0          0         68   dfixui.o
        28          4          0          0          0         68   dfltui.o
       208          6          0          0          0         88   dmul.o

    ----------------------------------------------------------------------
      3354        146        136         20          0       2636   Library Totals
        12          0          3          0          0          0   (incl. Padding)

    ----------------------------------------------------------------------

      Code (inc. data)   RO Data    RW Data    ZI Data      Debug   Library Name

      2570        120        133         20          0       2112   mc_p.l
       772         26          0          0          0        524   mf_p.l

    ----------------------------------------------------------------------
      3354        146        136         20          0       2636   Library Totals

    ----------------------------------------------------------------------

==============================================================================


      Code (inc. data)   RO Data    RW Data    ZI Data      Debug   

     27968       4722        808        356       7012     460675   Grand Totals
     27968       4722        808         68       7012     460675   ELF Image Totals (compressed)
     27968       4722        808         68          0          0   ROM Totals

==============================================================================

    Total RO  Size (Code + RO Data)                28776 (  28.10kB)
    Total RW  Size (RW Data + ZI Data)              7368 (   7.20kB)
    Total ROM Size (Code + RO Data + RW Data)      28844 (  28.17kB)

==============================================================================

